<html>
<body>
<pre>
<h1>µVision Build Log</h1>
<h2>Tool Versions:</h2>
IDE-Version: µVision V5.23.0.0
Copyright (C) 2017 ARM Ltd and ARM Germany GmbH. All rights reserved.
License Information: Joe Driscoll, Auburn University, LIC=----
 
Tool Versions:
Toolchain:       MDK-Lite  Version: 5.23
Toolchain Path:  C:\Keil_v5\ARM\ARMCC\Bin
C Compiler:      Armcc.exe V5.06 update 4 (build 422)
Assembler:       Armasm.exe V5.06 update 4 (build 422)
Linker/Locator:  ArmLink.exe V5.06 update 4 (build 422)
Library Manager: ArmAr.exe V5.06 update 4 (build 422)
Hex Converter:   FromElf.exe V5.06 update 4 (build 422)
CPU DLL:         SARMCM3.DLL V5.23
Dialog DLL:      DCM.DLL V1.15.0.0
Target DLL:      UL2CM3.DLL V1.159.7.0
Dialog DLL:      TCM.DLL V1.27.0.0
 
<h2>Project:</h2>
D:\Auburn\School\Courses\ELEC3050\labs\lab_9\3050\lab.uvprojx
Project File Date:  10/23/2018

<h2>Output:</h2>
*** Using Compiler 'V5.06 update 4 (build 422)', folder: 'C:\Keil_v5\ARM\ARMCC\Bin'
Rebuild target 'Target 1'
assembling startup_stm32l100xc.s...
compiling keypad_driver.c...
compiling tachometer_driver.c...
compiling main.c...
compiling pwm_gen.c...
compiling setup.c...
compiling interrupt_handlers.c...
compiling timing_functions.c...
compiling system_stm32l1xx.c...
linking...
Program Size: Code=4724 RO-data=356 RW-data=48 ZI-data=1824  
".\Objects\lab_4.axf" - 0 Error(s), 0 Warning(s).

<h2>Software Packages used:</h2>

Package Vendor: ARM
                http://www.keil.com/pack/ARM.CMSIS.5.1.1.pack
                ARM::CMSIS:CORE:5.0.2
                CMSIS (Cortex Microcontroller Software Interface Standard)
   * Component: CORE Version: 5.0.2

Package Vendor: Keil
                http://www.keil.com/pack/Keil.STM32L1xx_DFP.1.2.0.pack
                Keil::Device:Startup:2.0.0
                STMicroelectronics STM32L1 Series Device Support and Examples
   * Component: Startup Version: 2.0.0

<h2>Collection of Component include folders:</h2>
  .\RTE\_Target_1
  C:\Keil_v5\ARM\PACK\ARM\CMSIS\5.1.1\CMSIS\Include
  C:\Keil_v5\ARM\PACK\Keil\STM32L1xx_DFP\1.2.0\Device\Include

<h2>Collection of Component Files used:</h2>

   * Component: ARM::CMSIS:CORE:5.0.2

   * Component: Keil::Device:Startup:2.0.0
      Source file:   Device\Source\ARM\STM32L1xx_MD+_OPT.s
      Source file:   Device\Source\ARM\startup_stm32l100xc.s
      Source file:   Device\Source\system_stm32l1xx.c
Build Time Elapsed:  00:00:02
</pre>
</body>
</html>
