Component: ARM Compiler 5.06 update 4 (build 422) Tool: armlink [4d35d2]

==============================================================================

Section Cross References

    main.o(i.increment_and_display) refers to timing_functions.o(i.increment_timer) for increment_timer
    main.o(i.increment_and_display) refers to timing_functions.o(i.get_current_time) for get_current_time
    main.o(i.increment_and_display) refers to setup.o(i.write_to_odr) for write_to_odr
    main.o(i.main) refers to setup.o(i.setup_pins) for setup_pins
    main.o(i.main) refers to setup.o(i.setup_interrupts) for setup_interrupts
    main.o(i.main) refers to keypad_driver.o(i.setup_keypad) for setup_keypad
    main.o(i.main) refers to pwm_gen.o(i.setup_pwm) for setup_pwm
    main.o(i.main) refers to tachometer_driver.o(i.setup_tachometer_driver) for setup_tachometer_driver
    main.o(i.main) refers to keypad_driver.o(i.check_key_pressed) for check_key_pressed
    main.o(i.main) refers to keypad_driver.o(i.get_key_pressed) for get_key_pressed
    main.o(i.main) refers to fflt_clz.o(x$fpl$ffltu) for __aeabi_ui2f
    main.o(i.main) refers to f2d.o(x$fpl$f2d) for __aeabi_f2d
    main.o(i.main) refers to ddiv.o(x$fpl$ddiv) for __aeabi_ddiv
    main.o(i.main) refers to d2f.o(x$fpl$d2f) for __aeabi_d2f
    main.o(i.main) refers to pwm_gen.o(i.set_duty_cycle) for set_duty_cycle
    main.o(i.main) refers to keypad_driver.o(i.clear_key_pressed_flag) for clear_key_pressed_flag
    interrupt_handlers.o(i.EXTI0_IRQHandler) refers to interrupt_handlers.o(i.toggle_GPIO_bitfield) for toggle_GPIO_bitfield
    interrupt_handlers.o(i.EXTI0_IRQHandler) refers to interrupt_handlers.o(.data) for count_direction
    interrupt_handlers.o(i.get_count_direction) refers to interrupt_handlers.o(.data) for count_direction
    keypad_driver.o(i.EXTI1_IRQHandler) refers to keypad_driver.o(i.read_keypress) for read_keypress
    keypad_driver.o(i.EXTI1_IRQHandler) refers to keypad_driver.o(.data) for key_pressed
    keypad_driver.o(i.check_key_pressed) refers to keypad_driver.o(.data) for key_pressed_flag
    keypad_driver.o(i.clear_key_pressed_flag) refers to keypad_driver.o(.data) for key_pressed_flag
    keypad_driver.o(i.decode_row_col) refers to keypad_driver.o(.constdata) for keypad_decode_table
    keypad_driver.o(i.get_key_pressed) refers to keypad_driver.o(.data) for key_pressed
    keypad_driver.o(i.read_keypress) refers to keypad_driver.o(i.keypad_write_to_odr) for keypad_write_to_odr
    keypad_driver.o(i.read_keypress) refers to keypad_driver.o(i.decode_row_col) for decode_row_col
    keypad_driver.o(i.read_keypress) refers to keypad_driver.o(.data) for key_pressed_flag
    timing_functions.o(i.TIM10_IRQHandler) refers to timing_functions.o(i.clear_TIM10_interrupt) for clear_TIM10_interrupt
    timing_functions.o(i.TIM10_IRQHandler) refers to timing_functions.o(.bss) for timer_function_array
    timing_functions.o(i.TIM11_IRQHandler) refers to timing_functions.o(i.clear_TIM11_interrupt) for clear_TIM11_interrupt
    timing_functions.o(i.TIM11_IRQHandler) refers to timing_functions.o(.bss) for timer_function_array
    timing_functions.o(i.clear_TIM10_interrupt) refers to timing_functions.o(i.__NVIC_ClearPendingIRQ) for __NVIC_ClearPendingIRQ
    timing_functions.o(i.clear_TIM11_interrupt) refers to timing_functions.o(i.__NVIC_ClearPendingIRQ) for __NVIC_ClearPendingIRQ
    timing_functions.o(i.delay) refers to dmul.o(x$fpl$dmul) for __aeabi_dmul
    timing_functions.o(i.delay) refers to dfixu.o(x$fpl$dfixu) for __aeabi_d2uiz
    timing_functions.o(i.get_current_time) refers to timing_functions.o(.data) for time_tenths
    timing_functions.o(i.increment_timer) refers to timing_functions.o(i.get_current_time) for get_current_time
    timing_functions.o(i.increment_timer) refers to timing_functions.o(.data) for time_tenths
    timing_functions.o(i.set_timer_functions) refers to timing_functions.o(i.decode_timer_number) for decode_timer_number
    timing_functions.o(i.set_timer_functions) refers to h1_free.o(.text) for free
    timing_functions.o(i.set_timer_functions) refers to h1_alloc.o(.text) for malloc
    timing_functions.o(i.set_timer_functions) refers to timing_functions.o(.bss) for function_count
    timing_functions.o(i.setup_TIM10) refers to timing_functions.o(i.configure_timer) for configure_timer
    timing_functions.o(i.setup_TIM10) refers to timing_functions.o(i.disable_timer) for disable_timer
    timing_functions.o(i.setup_TIM11) refers to timing_functions.o(i.configure_timer) for configure_timer
    timing_functions.o(i.setup_TIM11) refers to timing_functions.o(i.disable_timer) for disable_timer
    timing_functions.o(i.toggle_enable_timer) refers to timing_functions.o(i.disable_timer) for disable_timer
    timing_functions.o(i.toggle_enable_timer) refers to timing_functions.o(i.enable_timer) for enable_timer
    pwm_gen.o(i.calculate_ccr) refers to fflt_clz.o(x$fpl$fflt) for __aeabi_i2f
[...]
    heap2.o(i._malloc$realtime) refers to fdtree.o(i._FDTree_RemoveNode) for _FDTree_RemoveNode
    heap2.o(i._malloc$realtime) refers to fdtree.o(i._FDTree_Insert) for _FDTree_Insert
    heap2.o(i._posix_memalign$realtime) refers to rt_heap_descriptor_intlibspace.o(.text) for __rt_heap_descriptor
    heap2.o(i._posix_memalign$realtime) refers to fdtree.o(i._FDTree_FindFirst) for _FDTree_FindFirst
    heap2.o(i._posix_memalign$realtime) refers to init_alloc.o(.text) for __Heap_Full
    heap2.o(i._posix_memalign$realtime) refers to fdtree.o(i._FDTree_RemoveNode) for _FDTree_RemoveNode
    heap2.o(i._posix_memalign$realtime) refers to fdtree.o(i._FDTree_Insert) for _FDTree_Insert
    heap2.o(i._realloc$realtime) refers to rt_heap_descriptor_intlibspace.o(.text) for __rt_heap_descriptor
    heap2.o(i._realloc$realtime) refers to fdtree.o(i._FDTree_Insert) for _FDTree_Insert
    heap2.o(i._realloc$realtime) refers to h1_free.o(.text) for free
    heap2.o(i._realloc$realtime) refers to h1_alloc.o(.text) for malloc
    heap2.o(i._realloc$realtime) refers to fdtree.o(i._FDTree_Delete) for _FDTree_Delete
    heap2.o(i._realloc$realtime) refers to rt_memcpy_w.o(.text) for __aeabi_memcpy4
    heap2mt.o(i._FDIterate) refers to heap2mt.o(.conststring) for .conststring
    heap2mt.o(i.___Heap_Initialize$realtime$concurrent) refers to mutex_dummy.o(.text) for _mutex_initialize
    heap2mt.o(i.___Heap_ProvideMemory$realtime$concurrent) refers to fdtree.o(i._FDTree_Delete) for _FDTree_Delete
    heap2mt.o(i.___Heap_ProvideMemory$realtime$concurrent) refers to fdtree.o(i._FDTree_Insert) for _FDTree_Insert
    heap2mt.o(i.___Heap_Stats$realtime$concurrent) refers to heap2mt.o(i._Heap2_StatsIterate) for _Heap2_StatsIterate
    heap2mt.o(i.___Heap_Valid$realtime$concurrent) refers to heap2mt.o(i._FDIterate) for _FDIterate
    heap2mt.o(i.___Heap_Valid$realtime$concurrent) refers to heap2mt.o(.conststring) for .conststring
    heap2mt.o(i._free$realtime$concurrent) refers to rt_heap_descriptor_intlibspace.o(.text) for __rt_heap_descriptor
    heap2mt.o(i._free$realtime$concurrent) refers to fdtree.o(i._FDTree_Delete) for _FDTree_Delete
    heap2mt.o(i._free$realtime$concurrent) refers to fdtree.o(i._FDTree_Insert) for _FDTree_Insert
    heap2mt.o(i._malloc$realtime$concurrent) refers to rt_heap_descriptor_intlibspace.o(.text) for __rt_heap_descriptor
    heap2mt.o(i._malloc$realtime$concurrent) refers to fdtree.o(i._FDTree_FindFirst) for _FDTree_FindFirst
    heap2mt.o(i._malloc$realtime$concurrent) refers to init_alloc.o(.text) for __Heap_Full
    heap2mt.o(i._malloc$realtime$concurrent) refers to fdtree.o(i._FDTree_RemoveNode) for _FDTree_RemoveNode
    heap2mt.o(i._malloc$realtime$concurrent) refers to fdtree.o(i._FDTree_Insert) for _FDTree_Insert
    heap2mt.o(i._posix_memalign$realtime$concurrent) refers to rt_heap_descriptor_intlibspace.o(.text) for __rt_heap_descriptor
    heap2mt.o(i._posix_memalign$realtime$concurrent) refers to fdtree.o(i._FDTree_FindFirst) for _FDTree_FindFirst
    heap2mt.o(i._posix_memalign$realtime$concurrent) refers to init_alloc.o(.text) for __Heap_Full
    heap2mt.o(i._posix_memalign$realtime$concurrent) refers to fdtree.o(i._FDTree_RemoveNode) for _FDTree_RemoveNode
    heap2mt.o(i._posix_memalign$realtime$concurrent) refers to fdtree.o(i._FDTree_Insert) for _FDTree_Insert
    heap2mt.o(i._realloc$realtime$concurrent) refers to rt_heap_descriptor_intlibspace.o(.text) for __rt_heap_descriptor
    heap2mt.o(i._realloc$realtime$concurrent) refers to fdtree.o(i._FDTree_Insert) for _FDTree_Insert
    heap2mt.o(i._realloc$realtime$concurrent) refers to h1_free.o(.text) for free
    heap2mt.o(i._realloc$realtime$concurrent) refers to h1_alloc.o(.text) for malloc
    heap2mt.o(i._realloc$realtime$concurrent) refers to fdtree.o(i._FDTree_Delete) for _FDTree_Delete
    heap2mt.o(i._realloc$realtime$concurrent) refers to rt_memcpy_w.o(.text) for __aeabi_memcpy4
    __main.o(!!!main) refers to __rtentry.o(.ARM.Collect$$rtentry$$00000000) for __rt_entry
    d2f.o(x$fpl$d2f) refers (Special) to usenofp.o(x$fpl$usenofp) for __I$use$fp
    d2f.o(x$fpl$d2f) refers to fretinf.o(x$fpl$fretinf) for __fpl_fretinf
    d2f.o(x$fpl$d2f) refers to dnaninf.o(x$fpl$dnaninf) for __fpl_dnaninf
    ddiv.o(x$fpl$drdiv) refers (Special) to usenofp.o(x$fpl$usenofp) for __I$use$fp
    ddiv.o(x$fpl$drdiv) refers to ddiv.o(x$fpl$ddiv) for ddiv_entry
    ddiv.o(x$fpl$ddiv) refers (Special) to usenofp.o(x$fpl$usenofp) for __I$use$fp
    ddiv.o(x$fpl$ddiv) refers to dretinf.o(x$fpl$dretinf) for __fpl_dretinf
    ddiv.o(x$fpl$ddiv) refers to dnaninf.o(x$fpl$dnaninf) for __fpl_dnaninf
    dfixu.o(x$fpl$dfixu) refers (Special) to usenofp.o(x$fpl$usenofp) for __I$use$fp
    dfixu.o(x$fpl$dfixu) refers to dnaninf.o(x$fpl$dnaninf) for __fpl_dnaninf
    dfixu.o(x$fpl$dfixur) refers (Special) to usenofp.o(x$fpl$usenofp) for __I$use$fp
    dfixu.o(x$fpl$dfixur) refers to dnaninf.o(x$fpl$dnaninf) for __fpl_dnaninf
    dflt_clz.o(x$fpl$dfltu) refers (Special) to usenofp.o(x$fpl$usenofp) for __I$use$fp
    dflt_clz.o(x$fpl$dflt) refers (Special) to usenofp.o(x$fpl$usenofp) for __I$use$fp
    dflt_clz.o(x$fpl$dfltn) refers (Special) to usenofp.o(x$fpl$usenofp) for __I$use$fp
    dmul.o(x$fpl$dmul) refers (Special) to usenofp.o(x$fpl$usenofp) for __I$use$fp
    dmul.o(x$fpl$dmul) refers to dretinf.o(x$fpl$dretinf) for __fpl_dretinf
    dmul.o(x$fpl$dmul) refers to dnaninf.o(x$fpl$dnaninf) for __fpl_dnaninf
    f2d.o(x$fpl$f2d) refers (Special) to usenofp.o(x$fpl$usenofp) for __I$use$fp
    f2d.o(x$fpl$f2d) refers to fnaninf.o(x$fpl$fnaninf) for __fpl_fnaninf
    f2d.o(x$fpl$f2d) refers to dretinf.o(x$fpl$dretinf) for __fpl_dretinf
    ffixu.o(x$fpl$ffixu) refers (Special) to usenofp.o(x$fpl$usenofp) for __I$use$fp
    ffixu.o(x$fpl$ffixu) refers to fnaninf.o(x$fpl$fnaninf) for __fpl_fnaninf
    ffixu.o(x$fpl$ffixur) refers (Special) to usenofp.o(x$fpl$usenofp) for __I$use$fp
    ffixu.o(x$fpl$ffixur) refers to fnaninf.o(x$fpl$fnaninf) for __fpl_fnaninf
    fflt_clz.o(x$fpl$ffltu) refers (Special) to usenofp.o(x$fpl$usenofp) for __I$use$fp
    fflt_clz.o(x$fpl$fflt) refers (Special) to usenofp.o(x$fpl$usenofp) for __I$use$fp
    fflt_clz.o(x$fpl$ffltn) refers (Special) to usenofp.o(x$fpl$usenofp) for __I$use$fp
    fmul.o(x$fpl$fmul) refers (Special) to usenofp.o(x$fpl$usenofp) for __I$use$fp
    fmul.o(x$fpl$fmul) refers to fretinf.o(x$fpl$fretinf) for __fpl_fretinf
    fmul.o(x$fpl$fmul) refers to fnaninf.o(x$fpl$fnaninf) for __fpl_fnaninf
    __rtentry.o(.ARM.Collect$$rtentry$$00000000) refers (Special) to __rtentry2.o(.ARM.Collect$$rtentry$$0000000A) for __rt_entry_li
    __rtentry.o(.ARM.Collect$$rtentry$$00000000) refers (Special) to __rtentry2.o(.ARM.Collect$$rtentry$$0000000D) for __rt_entry_main
    __rtentry.o(.ARM.Collect$$rtentry$$00000000) refers (Special) to __rtentry2.o(.ARM.Collect$$rtentry$$0000000C) for __rt_entry_postli_1
    __rtentry.o(.ARM.Collect$$rtentry$$00000000) refers (Special) to __rtentry2.o(.ARM.Collect$$rtentry$$00000009) for __rt_entry_postsh_1
    __rtentry.o(.ARM.Collect$$rtentry$$00000000) refers (Special) to __rtentry2.o(.ARM.Collect$$rtentry$$00000002) for __rt_entry_presh_1
    __rtentry.o(.ARM.Collect$$rtentry$$00000000) refers (Special) to __rtentry4.o(.ARM.Collect$$rtentry$$00000004) for __rt_entry_sh
    rt_heap_descriptor.o(.text) refers to rt_heap_descriptor.o(.bss) for __rt_heap_descriptor_data
    rt_heap_descriptor_intlibspace.o(.text) refers to libspace.o(.bss) for __libspace_start
    init_alloc.o(.text) refers (Special) to hguard.o(.text) for __heap$guard
    init_alloc.o(.text) refers (Special) to libinit2.o(.ARM.Collect$$libinit$$00000005) for __rt_lib_init_heap_2
    init_alloc.o(.text) refers (Special) to maybetermalloc1.o(.emb_text) for _maybe_terminate_alloc
    init_alloc.o(.text) refers to h1_extend.o(.text) for __Heap_ProvideMemory
    init_alloc.o(.text) refers to defsig_rtmem_outer.o(.text) for __rt_SIGRTMEM
    init_alloc.o(.text) refers to rt_heap_descriptor_intlibspace.o(.text) for __rt_heap_descriptor
    init_alloc.o(.text) refers to h1_init.o(.text) for __Heap_Initialize
    h1_init_mt.o(.text) refers to mutex_dummy.o(.text) for _mutex_initialize
    _get_argv.o(.text) refers (Special) to hrguard.o(.text) for __heap_region$guard
    _get_argv.o(.text) refers to h1_alloc.o(.text) for malloc
    _get_argv.o(.text) refers to defsig_rtmem_outer.o(.text) for __rt_SIGRTMEM
    _get_argv.o(.text) refers to sys_command.o(.text) for _sys_command_string
    libinit2.o(.ARM.Collect$$libinit$$00000005) refers (Weak) to init_alloc.o(.text) for _init_alloc
    libinit2.o(.ARM.Collect$$libinit$$00000010) refers to libinit2.o(.ARM.Collect$$libinit$$0000000F) for .ARM.Collect$$libinit$$0000000F
    libinit2.o(.ARM.Collect$$libinit$$00000012) refers to libinit2.o(.ARM.Collect$$libinit$$0000000F) for .ARM.Collect$$libinit$$0000000F
    libinit2.o(.ARM.Collect$$libinit$$00000014) refers to libinit2.o(.ARM.Collect$$libinit$$0000000F) for .ARM.Collect$$libinit$$0000000F
    libinit2.o(.ARM.Collect$$libinit$$00000016) refers to libinit2.o(.ARM.Collect$$libinit$$0000000F) for .ARM.Collect$$libinit$$0000000F
    libinit2.o(.ARM.Collect$$libinit$$00000018) refers to libinit2.o(.ARM.Collect$$libinit$$0000000F) for .ARM.Collect$$libinit$$0000000F
    libinit2.o(.ARM.Collect$$libinit$$00000026) refers to argv_veneer.o(.emb_text) for __ARM_argv_veneer
    libinit2.o(.ARM.Collect$$libinit$$00000027) refers to argv_veneer.o(.emb_text) for __ARM_argv_veneer
    dnaninf.o(x$fpl$dnaninf) refers (Special) to usenofp.o(x$fpl$usenofp) for __I$use$fp
    dretinf.o(x$fpl$dretinf) refers (Special) to usenofp.o(x$fpl$usenofp) for __I$use$fp
    fnaninf.o(x$fpl$fnaninf) refers (Special) to usenofp.o(x$fpl$usenofp) for __I$use$fp
    fretinf.o(x$fpl$fretinf) refers (Special) to usenofp.o(x$fpl$usenofp) for __I$use$fp
    sys_command.o(.text) refers (Special) to use_no_semi.o(.text) for __I$use$semihosting
    sys_command.o(.text) refers (Special) to indicate_semi.o(.text) for __semihosting_library_function
    libspace.o(.text) refers to libspace.o(.bss) for __libspace_start
    __rtentry2.o(.ARM.Collect$$rtentry$$00000008) refers to boardinit2.o(.text) for _platform_post_stackheap_init
    __rtentry2.o(.ARM.Collect$$rtentry$$0000000A) refers to libinit.o(.ARM.Collect$$libinit$$00000000) for __rt_lib_init
    __rtentry2.o(.ARM.Collect$$rtentry$$0000000B) refers to boardinit3.o(.text) for _platform_post_lib_init
    __rtentry2.o(.ARM.Collect$$rtentry$$0000000D) refers to main.o(i.main) for main
    __rtentry2.o(.ARM.Collect$$rtentry$$0000000D) refers to exit.o(.text) for exit
    __rtentry2.o(.ARM.exidx) refers to __rtentry2.o(.ARM.Collect$$rtentry$$00000001) for .ARM.Collect$$rtentry$$00000001
    __rtentry2.o(.ARM.exidx) refers to __rtentry2.o(.ARM.Collect$$rtentry$$00000008) for .ARM.Collect$$rtentry$$00000008
    __rtentry2.o(.ARM.exidx) refers to __rtentry2.o(.ARM.Collect$$rtentry$$0000000A) for .ARM.Collect$$rtentry$$0000000A
    __rtentry2.o(.ARM.exidx) refers to __rtentry2.o(.ARM.Collect$$rtentry$$0000000B) for .ARM.Collect$$rtentry$$0000000B
    __rtentry2.o(.ARM.exidx) refers to __rtentry2.o(.ARM.Collect$$rtentry$$0000000D) for .ARM.Collect$$rtentry$$0000000D
    __rtentry4.o(.ARM.Collect$$rtentry$$00000004) refers to sys_stackheap_outer.o(.text) for __user_setup_stackheap
    __rtentry4.o(.ARM.exidx) refers to __rtentry4.o(.ARM.Collect$$rtentry$$00000004) for .ARM.Collect$$rtentry$$00000004
    maybetermalloc2.o(.emb_text) refers (Special) to term_alloc.o(.text) for _terminate_alloc
    h1_extend.o(.text) refers to h1_free.o(.text) for free
    h1_extend_mt.o(.text) refers to h1_free_mt.o(.text) for _free_internal
    defsig_rtmem_outer.o(.text) refers to defsig_rtmem_inner.o(.text) for __rt_SIGRTMEM_inner
    defsig_rtmem_outer.o(.text) refers to defsig_exit.o(.text) for __sig_exit
    defsig_rtmem_formal.o(.text) refers to rt_raise.o(.text) for __rt_raise
    heapauxa.o(.text) refers to heapauxa.o(.data) for .data
    argv_veneer.o(.emb_text) refers to no_argv.o(.text) for __ARM_get_argv
    sys_stackheap_outer.o(.text) refers to libspace.o(.text) for __user_perproc_libspace
    sys_stackheap_outer.o(.text) refers to startup_stm32l100xc.o(.text) for __user_initial_stackheap
    rt_raise.o(.text) refers to __raise.o(.text) for __raise
    rt_raise.o(.text) refers to sys_exit.o(.text) for _sys_exit
    term_alloc.o(.text) refers (Special) to libshutdown2.o(.ARM.Collect$$libshutdown$$0000000E) for __rt_lib_shutdown_heap_2
    term_alloc.o(.text) refers to rt_heap_descriptor_intlibspace.o(.text) for __rt_heap_descriptor
    term_alloc.o(.text) refers to h1_final.o(.text) for __Heap_Finalize
    exit.o(.text) refers to rtexit.o(.ARM.Collect$$rtexit$$00000000) for __rt_exit
    defsig_exit.o(.text) refers to sys_exit.o(.text) for _sys_exit
    defsig_rtmem_inner.o(.text) refers to defsig_general.o(.text) for __default_signal_display
    _get_argv_nomalloc.o(.text) refers (Special) to hrguard.o(.text) for __heap_region$guard
    _get_argv_nomalloc.o(.text) refers to defsig_rtmem_outer.o(.text) for __rt_SIGRTMEM
    _get_argv_nomalloc.o(.text) refers to sys_command.o(.text) for _sys_command_string
    libinit.o(.ARM.Collect$$libinit$$00000000) refers (Special) to libinit2.o(.ARM.Collect$$libinit$$0000002E) for __rt_lib_init_alloca_1
    libinit.o(.ARM.Collect$$libinit$$00000000) refers (Special) to libinit2.o(.ARM.Collect$$libinit$$0000002C) for __rt_lib_init_argv_1
    libinit.o(.ARM.Collect$$libinit$$00000000) refers (Special) to libinit2.o(.ARM.Collect$$libinit$$0000001B) for __rt_lib_init_atexit_1
    libinit.o(.ARM.Collect$$libinit$$00000000) refers (Special) to libinit2.o(.ARM.Collect$$libinit$$00000021) for __rt_lib_init_clock_1
    libinit.o(.ARM.Collect$$libinit$$00000000) refers (Special) to libinit2.o(.ARM.Collect$$libinit$$00000032) for __rt_lib_init_cpp_1
    libinit.o(.ARM.Collect$$libinit$$00000000) refers (Special) to libinit2.o(.ARM.Collect$$libinit$$00000030) for __rt_lib_init_exceptions_1
    libinit.o(.ARM.Collect$$libinit$$00000000) refers (Special) to libinit2.o(.ARM.Collect$$libinit$$00000002) for __rt_lib_init_fp_1
    libinit.o(.ARM.Collect$$libinit$$00000000) refers (Special) to libinit2.o(.ARM.Collect$$libinit$$0000001F) for __rt_lib_init_fp_trap_1
    libinit.o(.ARM.Collect$$libinit$$00000000) refers (Special) to libinit2.o(.ARM.Collect$$libinit$$00000023) for __rt_lib_init_getenv_1
    libinit.o(.ARM.Collect$$libinit$$00000000) refers (Special) to libinit2.o(.ARM.Collect$$libinit$$0000000A) for __rt_lib_init_heap_1
    libinit.o(.ARM.Collect$$libinit$$00000000) refers (Special) to libinit2.o(.ARM.Collect$$libinit$$00000011) for __rt_lib_init_lc_collate_1
    libinit.o(.ARM.Collect$$libinit$$00000000) refers (Special) to libinit2.o(.ARM.Collect$$libinit$$00000013) for __rt_lib_init_lc_ctype_1
    libinit.o(.ARM.Collect$$libinit$$00000000) refers (Special) to libinit2.o(.ARM.Collect$$libinit$$00000015) for __rt_lib_init_lc_monetary_1
    libinit.o(.ARM.Collect$$libinit$$00000000) refers (Special) to libinit2.o(.ARM.Collect$$libinit$$00000017) for __rt_lib_init_lc_numeric_1
    libinit.o(.ARM.Collect$$libinit$$00000000) refers (Special) to libinit2.o(.ARM.Collect$$libinit$$00000019) for __rt_lib_init_lc_time_1
    libinit.o(.ARM.Collect$$libinit$$00000000) refers (Special) to libinit2.o(.ARM.Collect$$libinit$$00000004) for __rt_lib_init_preinit_1
    libinit.o(.ARM.Collect$$libinit$$00000000) refers (Special) to libinit2.o(.ARM.Collect$$libinit$$0000000E) for __rt_lib_init_rand_1
    libinit.o(.ARM.Collect$$libinit$$00000000) refers (Special) to libinit2.o(.ARM.Collect$$libinit$$00000033) for __rt_lib_init_return
    libinit.o(.ARM.Collect$$libinit$$00000000) refers (Special) to libinit2.o(.ARM.Collect$$libinit$$0000001D) for __rt_lib_init_signal_1
    libinit.o(.ARM.Collect$$libinit$$00000000) refers (Special) to libinit2.o(.ARM.Collect$$libinit$$00000025) for __rt_lib_init_stdio_1
    libinit.o(.ARM.Collect$$libinit$$00000000) refers (Special) to libinit2.o(.ARM.Collect$$libinit$$0000000C) for __rt_lib_init_user_alloc_1
    sys_exit.o(.text) refers (Special) to use_no_semi.o(.text) for __I$use$semihosting
    sys_exit.o(.text) refers (Special) to indicate_semi.o(.text) for __semihosting_library_function
    rtexit.o(.ARM.Collect$$rtexit$$00000000) refers (Special) to rtexit2.o(.ARM.Collect$$rtexit$$00000004) for __rt_exit_exit
    rtexit.o(.ARM.Collect$$rtexit$$00000000) refers (Special) to rtexit2.o(.ARM.Collect$$rtexit$$00000003) for __rt_exit_ls
    rtexit.o(.ARM.Collect$$rtexit$$00000000) refers (Special) to rtexit2.o(.ARM.Collect$$rtexit$$00000002) for __rt_exit_prels_1
    rtexit.o(.ARM.exidx) refers (Special) to rtexit2.o(.ARM.Collect$$rtexit$$00000004) for __rt_exit_exit
    rtexit.o(.ARM.exidx) refers (Special) to rtexit2.o(.ARM.Collect$$rtexit$$00000003) for __rt_exit_ls
    rtexit.o(.ARM.exidx) refers (Special) to rtexit2.o(.ARM.Collect$$rtexit$$00000002) for __rt_exit_prels_1
    rtexit.o(.ARM.exidx) refers to rtexit.o(.ARM.Collect$$rtexit$$00000000) for .ARM.Collect$$rtexit$$00000000
    __raise.o(.text) refers to defsig.o(CL$$defsig) for __default_signal_handler
    defsig_general.o(.text) refers to sys_wrch.o(.text) for _ttywrch
    libshutdown2.o(.ARM.Collect$$libshutdown$$0000000D) refers (Weak) to term_alloc.o(.text) for _terminate_alloc
    sys_wrch.o(.text) refers (Special) to use_no_semi.o(.text) for __I$use$semihosting
    sys_wrch.o(.text) refers (Special) to indicate_semi.o(.text) for __semihosting_library_function
    rtexit2.o(.ARM.Collect$$rtexit$$00000003) refers to libshutdown.o(.ARM.Collect$$libshutdown$$00000000) for __rt_lib_shutdown
    rtexit2.o(.ARM.Collect$$rtexit$$00000004) refers to sys_exit.o(.text) for _sys_exit
    rtexit2.o(.ARM.exidx) refers to rtexit2.o(.ARM.Collect$$rtexit$$00000001) for .ARM.Collect$$rtexit$$00000001
    rtexit2.o(.ARM.exidx) refers to rtexit2.o(.ARM.Collect$$rtexit$$00000003) for .ARM.Collect$$rtexit$$00000003
    rtexit2.o(.ARM.exidx) refers to rtexit2.o(.ARM.Collect$$rtexit$$00000004) for .ARM.Collect$$rtexit$$00000004
    defsig.o(CL$$defsig) refers to defsig_rtmem_inner.o(.text) for __rt_SIGRTMEM_inner
    defsig_abrt_inner.o(.text) refers to defsig_general.o(.text) for __default_signal_display
    defsig_fpe_inner.o(.text) refers to defsig_general.o(.text) for __default_signal_display
    defsig_rtred_inner.o(.text) refers to defsig_general.o(.text) for __default_signal_display
    defsig_stak_inner.o(.text) refers to defsig_general.o(.text) for __default_signal_display
    defsig_pvfn_inner.o(.text) refers to defsig_general.o(.text) for __default_signal_display
    defsig_cppl_inner.o(.text) refers to defsig_general.o(.text) for __default_signal_display
    defsig_segv_inner.o(.text) refers to defsig_general.o(.text) for __default_signal_display
    defsig_other.o(.text) refers to defsig_general.o(.text) for __default_signal_display
    libshutdown.o(.ARM.Collect$$libshutdown$$00000000) refers (Special) to libshutdown2.o(.ARM.Collect$$libshutdown$$00000002) for __rt_lib_shutdown_cpp_1
    libshutdown.o(.ARM.Collect$$libshutdown$$00000000) refers (Special) to libshutdown2.o(.ARM.Collect$$libshutdown$$00000007) for __rt_lib_shutdown_fp_trap_1
    libshutdown.o(.ARM.Collect$$libshutdown$$00000000) refers (Special) to libshutdown2.o(.ARM.Collect$$libshutdown$$0000000F) for __rt_lib_shutdown_heap_1
    libshutdown.o(.ARM.Collect$$libshutdown$$00000000) refers (Special) to libshutdown2.o(.ARM.Collect$$libshutdown$$00000010) for __rt_lib_shutdown_return
    libshutdown.o(.ARM.Collect$$libshutdown$$00000000) refers (Special) to libshutdown2.o(.ARM.Collect$$libshutdown$$0000000A) for __rt_lib_shutdown_signal_1
    libshutdown.o(.ARM.Collect$$libshutdown$$00000000) refers (Special) to libshutdown2.o(.ARM.Collect$$libshutdown$$00000004) for __rt_lib_shutdown_stdio_1
    libshutdown.o(.ARM.Collect$$libshutdown$$00000000) refers (Special) to libshutdown2.o(.ARM.Collect$$libshutdown$$0000000C) for __rt_lib_shutdown_user_alloc_1


==============================================================================

Removing Unused input sections from the image.

    Removing main.o(.rev16_text), (4 bytes).
    Removing main.o(.revsh_text), (4 bytes).
    Removing main.o(.rrx_text), (6 bytes).
    Removing main.o(i.increment_and_display), (32 bytes).
    Removing main.o(.bss), (192 bytes).
    Removing main.o(.constdata), (32 bytes).
    Removing main.o(.data), (12 bytes).
    Removing interrupt_handlers.o(.rev16_text), (4 bytes).
    Removing interrupt_handlers.o(.revsh_text), (4 bytes).
    Removing interrupt_handlers.o(.rrx_text), (6 bytes).
    Removing interrupt_handlers.o(i.get_count_direction), (12 bytes).
    Removing interrupt_handlers.o(.constdata), (32 bytes).
    Removing keypad_driver.o(.rev16_text), (4 bytes).
    Removing keypad_driver.o(.revsh_text), (4 bytes).
    Removing keypad_driver.o(.rrx_text), (6 bytes).
    Removing setup.o(.rev16_text), (4 bytes).
    Removing setup.o(.revsh_text), (4 bytes).
    Removing setup.o(.rrx_text), (6 bytes).
    Removing setup.o(i.write_to_odr), (30 bytes).
    Removing setup.o(.bss), (192 bytes).
    Removing setup.o(.constdata), (32 bytes).
    Removing setup.o(.data), (12 bytes).
    Removing timing_functions.o(.rev16_text), (4 bytes).
    Removing timing_functions.o(.revsh_text), (4 bytes).
    Removing timing_functions.o(.rrx_text), (6 bytes).
    Removing timing_functions.o(i.delay), (48 bytes).
    Removing timing_functions.o(i.get_current_time), (24 bytes).
    Removing timing_functions.o(i.increment_timer), (140 bytes).
    Removing timing_functions.o(i.toggle_enable_timer), (36 bytes).
    Removing timing_functions.o(.constdata), (32 bytes).
    Removing timing_functions.o(.data), (14 bytes).
    Removing pwm_gen.o(.rev16_text), (4 bytes).
    Removing pwm_gen.o(.revsh_text), (4 bytes).
    Removing pwm_gen.o(.rrx_text), (6 bytes).
    Removing pwm_gen.o(i.get_duty_cycle), (12 bytes).
    Removing pwm_gen.o(.bss), (192 bytes).
    Removing pwm_gen.o(.constdata), (32 bytes).
    Removing tachometer_driver.o(.rev16_text), (4 bytes).
    Removing tachometer_driver.o(.revsh_text), (4 bytes).
    Removing tachometer_driver.o(.rrx_text), (6 bytes).
    Removing tachometer_driver.o(i.get_tach_period), (12 bytes).
    Removing tachometer_driver.o(.bss), (192 bytes).
    Removing tachometer_driver.o(.constdata), (32 bytes).
    Removing system_stm32l1xx.o(.rev16_text), (4 bytes).
    Removing system_stm32l1xx.o(.revsh_text), (4 bytes).
    Removing system_stm32l1xx.o(.rrx_text), (6 bytes).
    Removing system_stm32l1xx.o(i.SystemCoreClockUpdate), (216 bytes).
    Removing system_stm32l1xx.o(.data), (29 bytes).

48 unused section(s) (total 1701 bytes) removed from the image.

==============================================================================

Image Symbol Table

    Local Symbols

    Symbol Name                              Value     Ov Type        Size  Object(Section)

    ../clib/angel/boardlib.s                 0x00000000   Number         0  boardinit2.o ABSOLUTE
    ../clib/angel/boardlib.s                 0x00000000   Number         0  boardinit3.o ABSOLUTE
    ../clib/angel/boardlib.s                 0x00000000   Number         0  boardshut.o ABSOLUTE
    ../clib/angel/boardlib.s                 0x00000000   Number         0  boardinit1.o ABSOLUTE
    ../clib/angel/handlers.s                 0x00000000   Number         0  __scatter_copy.o ABSOLUTE
    ../clib/angel/handlers.s                 0x00000000   Number         0  __scatter_zi.o ABSOLUTE
    ../clib/angel/kernel.s                   0x00000000   Number         0  __rtentry2.o ABSOLUTE
    ../clib/angel/kernel.s                   0x00000000   Number         0  __rtentry4.o ABSOLUTE
    ../clib/angel/kernel.s                   0x00000000   Number         0  rtexit2.o ABSOLUTE
    ../clib/angel/kernel.s                   0x00000000   Number         0  rtexit.o ABSOLUTE
    ../clib/angel/kernel.s                   0x00000000   Number         0  __rtentry.o ABSOLUTE
    ../clib/angel/rt.s                       0x00000000   Number         0  rt_raise.o ABSOLUTE
    ../clib/angel/rt.s                       0x00000000   Number         0  rt_heap_descriptor_intlibspace.o ABSOLUTE
    ../clib/angel/rt.s                       0x00000000   Number         0  rt_heap_descriptor.o ABSOLUTE
    ../clib/angel/scatter.s                  0x00000000   Number         0  __scatter.o ABSOLUTE
    ../clib/angel/startup.s                  0x00000000   Number         0  __main.o ABSOLUTE
    ../clib/angel/sys.s                      0x00000000   Number         0  libspace.o ABSOLUTE
    ../clib/angel/sys.s                      0x00000000   Number         0  mutex_dummy.o ABSOLUTE
    ../clib/angel/sys.s                      0x00000000   Number         0  sys_stackheap_outer.o ABSOLUTE
    ../clib/angel/sys.s                      0x00000000   Number         0  indicate_semi.o ABSOLUTE
    ../clib/angel/sys.s                      0x00000000   Number         0  use_no_semi.o ABSOLUTE
    ../clib/angel/sysapp.c                   0x00000000   Number         0  sys_command.o ABSOLUTE
    ../clib/angel/sysapp.c                   0x00000000   Number         0  sys_wrch.o ABSOLUTE
    ../clib/angel/sysapp.c                   0x00000000   Number         0  sys_exit.o ABSOLUTE
    ../clib/armsys.c                         0x00000000   Number         0  argv_veneer.o ABSOLUTE
    ../clib/armsys.c                         0x00000000   Number         0  _get_argv.o ABSOLUTE
    ../clib/armsys.c                         0x00000000   Number         0  argv_veneer.o ABSOLUTE
    ../clib/armsys.c                         0x00000000   Number         0  no_argv.o ABSOLUTE
    ../clib/armsys.c                         0x00000000   Number         0  _get_argv_nomalloc.o ABSOLUTE
    ../clib/heap1.c                          0x00000000   Number         0  h1_extend_mt.o ABSOLUTE
    ../clib/heap1.c                          0x00000000   Number         0  h1_init.o ABSOLUTE
    ../clib/heap1.c                          0x00000000   Number         0  h1_init_mt.o ABSOLUTE
    ../clib/heap1.c                          0x00000000   Number         0  h1_alloc.o ABSOLUTE
    ../clib/heap1.c                          0x00000000   Number         0  h1_free.o ABSOLUTE
    ../clib/heap1.c                          0x00000000   Number         0  h1_extend.o ABSOLUTE
    ../clib/heap1.c                          0x00000000   Number         0  h1_final_mt.o ABSOLUTE
    ../clib/heap1.c                          0x00000000   Number         0  h1_final.o ABSOLUTE
    ../clib/heap1.c                          0x00000000   Number         0  h1_free_mt.o ABSOLUTE
    ../clib/heap1.c                          0x00000000   Number         0  h1_alloc_mt.o ABSOLUTE
    ../clib/heap2.c                          0x00000000   Number         0  fdtree.o ABSOLUTE
    ../clib/heap2.c                          0x00000000   Number         0  heap2mt.o ABSOLUTE
    ../clib/heap2.c                          0x00000000   Number         0  heap2.o ABSOLUTE
    ../clib/heapalloc.c                      0x00000000   Number         0  init_alloc.o ABSOLUTE
    ../clib/heapalloc.c                      0x00000000   Number         0  malloc.o ABSOLUTE
    ../clib/heapalloc.c                      0x00000000   Number         0  free.o ABSOLUTE
    ../clib/heapalloc.c                      0x00000000   Number         0  hrguard.o ABSOLUTE
    ../clib/heapalloc.c                      0x00000000   Number         0  heapstubs.o ABSOLUTE
    ../clib/heapalloc.c                      0x00000000   Number         0  maybetermalloc1.o ABSOLUTE
    ../clib/heapalloc.c                      0x00000000   Number         0  maybetermalloc1.o ABSOLUTE
    ../clib/heapalloc.c                      0x00000000   Number         0  maybetermalloc2.o ABSOLUTE
    ../clib/heapalloc.c                      0x00000000   Number         0  maybetermalloc2.o ABSOLUTE
    ../clib/heapalloc.c                      0x00000000   Number         0  hguard.o ABSOLUTE
    ../clib/heapalloc.c                      0x00000000   Number         0  term_alloc.o ABSOLUTE
    ../clib/heapaux.c                        0x00000000   Number         0  heapauxi.o ABSOLUTE
    ../clib/heapaux.c                        0x00000000   Number         0  heapauxa.o ABSOLUTE
    ../clib/libinit.s                        0x00000000   Number         0  libinit.o ABSOLUTE
    ../clib/libinit.s                        0x00000000   Number         0  libshutdown2.o ABSOLUTE
    ../clib/libinit.s                        0x00000000   Number         0  libinit2.o ABSOLUTE
    ../clib/libinit.s                        0x00000000   Number         0  libshutdown.o ABSOLUTE
    ../clib/memcpset.s                       0x00000000   Number         0  rt_memcpy_w.o ABSOLUTE
    ../clib/signal.c                         0x00000000   Number         0  defsig_rtmem_outer.o ABSOLUTE
    ../clib/signal.c                         0x00000000   Number         0  defsig_rtmem_formal.o ABSOLUTE
    ../clib/signal.c                         0x00000000   Number         0  __raise.o ABSOLUTE
    ../clib/signal.c                         0x00000000   Number         0  defsig_pvfn_inner.o ABSOLUTE
    ../clib/signal.c                         0x00000000   Number         0  defsig_other.o ABSOLUTE
    ../clib/signal.c                         0x00000000   Number         0  defsig_segv_inner.o ABSOLUTE
    ../clib/signal.c                         0x00000000   Number         0  defsig_cppl_inner.o ABSOLUTE
    ../clib/signal.c                         0x00000000   Number         0  defsig_general.o ABSOLUTE
    ../clib/signal.c                         0x00000000   Number         0  defsig_stak_inner.o ABSOLUTE
    ../clib/signal.c                         0x00000000   Number         0  defsig_rtred_inner.o ABSOLUTE
    ../clib/signal.c                         0x00000000   Number         0  defsig_fpe_inner.o ABSOLUTE
    ../clib/signal.c                         0x00000000   Number         0  defsig_abrt_inner.o ABSOLUTE
    ../clib/signal.c                         0x00000000   Number         0  defsig_exit.o ABSOLUTE
    ../clib/signal.c                         0x00000000   Number         0  defsig_rtmem_inner.o ABSOLUTE
    ../clib/signal.s                         0x00000000   Number         0  defsig.o ABSOLUTE
    ../clib/stdlib.c                         0x00000000   Number         0  exit.o ABSOLUTE
    ../fplib/d2f.s                           0x00000000   Number         0  d2f.o ABSOLUTE
    ../fplib/ddiv.s                          0x00000000   Number         0  ddiv.o ABSOLUTE
    ../fplib/dfixu.s                         0x00000000   Number         0  dfixu.o ABSOLUTE
    ../fplib/dflt.s                          0x00000000   Number         0  dflt_clz.o ABSOLUTE
    ../fplib/dmul.s                          0x00000000   Number         0  dmul.o ABSOLUTE
    ../fplib/dnaninf.s                       0x00000000   Number         0  dnaninf.o ABSOLUTE
    ../fplib/dretinf.s                       0x00000000   Number         0  dretinf.o ABSOLUTE
    ../fplib/f2d.s                           0x00000000   Number         0  f2d.o ABSOLUTE
    ../fplib/ffixu.s                         0x00000000   Number         0  ffixu.o ABSOLUTE
    ../fplib/fflt.s                          0x00000000   Number         0  fflt_clz.o ABSOLUTE
    ../fplib/fmul.s                          0x00000000   Number         0  fmul.o ABSOLUTE
    ../fplib/fnaninf.s                       0x00000000   Number         0  fnaninf.o ABSOLUTE
    ../fplib/fpinit.s                        0x00000000   Number         0  fpinit.o ABSOLUTE
    ../fplib/fretinf.s                       0x00000000   Number         0  fretinf.o ABSOLUTE
    ../fplib/usenofp.s                       0x00000000   Number         0  usenofp.o ABSOLUTE
    RTE\Device\STM32L100RC\startup_stm32l100xc.s 0x00000000   Number         0  startup_stm32l100xc.o ABSOLUTE
    RTE\Device\STM32L100RC\system_stm32l1xx.c 0x00000000   Number         0  system_stm32l1xx.o ABSOLUTE
    RTE\\Device\\STM32L100RC\\system_stm32l1xx.c 0x00000000   Number         0  system_stm32l1xx.o ABSOLUTE
    dc.s                                     0x00000000   Number         0  dc.o ABSOLUTE
    src\\code\\interrupt_handlers.c          0x00000000   Number         0  interrupt_handlers.o ABSOLUTE
    src\\code\\keypad_driver.c               0x00000000   Number         0  keypad_driver.o ABSOLUTE
    src\\code\\pwm_gen.c                     0x00000000   Number         0  pwm_gen.o ABSOLUTE
    src\\code\\setup.c                       0x00000000   Number         0  setup.o ABSOLUTE
    src\\code\\tachometer_driver.c           0x00000000   Number         0  tachometer_driver.o ABSOLUTE
    src\\code\\timing_functions.c            0x00000000   Number         0  timing_functions.o ABSOLUTE
    src\\main.c                              0x00000000   Number         0  main.o ABSOLUTE
    src\code\interrupt_handlers.c            0x00000000   Number         0  interrupt_handlers.o ABSOLUTE
    src\code\keypad_driver.c                 0x00000000   Number         0  keypad_driver.o ABSOLUTE
    src\code\pwm_gen.c                       0x00000000   Number         0  pwm_gen.o ABSOLUTE
    src\code\setup.c                         0x00000000   Number         0  setup.o ABSOLUTE
    src\code\tachometer_driver.c             0x00000000   Number         0  tachometer_driver.o ABSOLUTE
    src\code\timing_functions.c              0x00000000   Number         0  timing_functions.o ABSOLUTE
    src\main.c                               0x00000000   Number         0  main.o ABSOLUTE
    RESET                                    0x08000000   Section      292  startup_stm32l100xc.o(RESET)
    !!!main                                  0x08000124   Section        8  __main.o(!!!main)
    !!!scatter                               0x0800012c   Section       52  __scatter.o(!!!scatter)
    !!handler_copy                           0x08000160   Section       26  __scatter_copy.o(!!handler_copy)
    !!handler_zi                             0x0800017c   Section       28  __scatter_zi.o(!!handler_zi)
    .ARM.Collect$$libinit$$00000000          0x08000198   Section        2  libinit.o(.ARM.Collect$$libinit$$00000000)
    .ARM.Collect$$libinit$$00000002          0x0800019a   Section        0  libinit2.o(.ARM.Collect$$libinit$$00000002)
    .ARM.Collect$$libinit$$00000004          0x0800019a   Section        0  libinit2.o(.ARM.Collect$$libinit$$00000004)
    .ARM.Collect$$libinit$$00000005          0x0800019a   Section        8  libinit2.o(.ARM.Collect$$libinit$$00000005)
    .ARM.Collect$$libinit$$0000000A          0x080001a2   Section        0  libinit2.o(.ARM.Collect$$libinit$$0000000A)
    .ARM.Collect$$libinit$$0000000C          0x080001a2   Section        0  libinit2.o(.ARM.Collect$$libinit$$0000000C)
    .ARM.Collect$$libinit$$0000000E          0x080001a2   Section        0  libinit2.o(.ARM.Collect$$libinit$$0000000E)
    .ARM.Collect$$libinit$$00000011          0x080001a2   Section        0  libinit2.o(.ARM.Collect$$libinit$$00000011)
    .ARM.Collect$$libinit$$00000013          0x080001a2   Section        0  libinit2.o(.ARM.Collect$$libinit$$00000013)
    .ARM.Collect$$libinit$$00000015          0x080001a2   Section        0  libinit2.o(.ARM.Collect$$libinit$$00000015)
    .ARM.Collect$$libinit$$00000017          0x080001a2   Section        0  libinit2.o(.ARM.Collect$$libinit$$00000017)
    .ARM.Collect$$libinit$$00000019          0x080001a2   Section        0  libinit2.o(.ARM.Collect$$libinit$$00000019)
    .ARM.Collect$$libinit$$0000001B          0x080001a2   Section        0  libinit2.o(.ARM.Collect$$libinit$$0000001B)
    .ARM.Collect$$libinit$$0000001D          0x080001a2   Section        0  libinit2.o(.ARM.Collect$$libinit$$0000001D)
    .ARM.Collect$$libinit$$0000001F          0x080001a2   Section        0  libinit2.o(.ARM.Collect$$libinit$$0000001F)
    .ARM.Collect$$libinit$$00000021          0x080001a2   Section        0  libinit2.o(.ARM.Collect$$libinit$$00000021)
    .ARM.Collect$$libinit$$00000023          0x080001a2   Section        0  libinit2.o(.ARM.Collect$$libinit$$00000023)
    .ARM.Collect$$libinit$$00000025          0x080001a2   Section        0  libinit2.o(.ARM.Collect$$libinit$$00000025)
    .ARM.Collect$$libinit$$0000002C          0x080001a2   Section        0  libinit2.o(.ARM.Collect$$libinit$$0000002C)
    .ARM.Collect$$libinit$$0000002E          0x080001a2   Section        0  libinit2.o(.ARM.Collect$$libinit$$0000002E)
    .ARM.Collect$$libinit$$00000030          0x080001a2   Section        0  libinit2.o(.ARM.Collect$$libinit$$00000030)
    .ARM.Collect$$libinit$$00000032          0x080001a2   Section        0  libinit2.o(.ARM.Collect$$libinit$$00000032)
    .ARM.Collect$$libinit$$00000033          0x080001a2   Section        2  libinit2.o(.ARM.Collect$$libinit$$00000033)
    .ARM.Collect$$libshutdown$$00000000      0x080001a4   Section        2  libshutdown.o(.ARM.Collect$$libshutdown$$00000000)
    .ARM.Collect$$libshutdown$$00000002      0x080001a6   Section        0  libshutdown2.o(.ARM.Collect$$libshutdown$$00000002)
    .ARM.Collect$$libshutdown$$00000004      0x080001a6   Section        0  libshutdown2.o(.ARM.Collect$$libshutdown$$00000004)
    .ARM.Collect$$libshutdown$$00000007      0x080001a6   Section        0  libshutdown2.o(.ARM.Collect$$libshutdown$$00000007)
    .ARM.Collect$$libshutdown$$0000000A      0x080001a6   Section        0  libshutdown2.o(.ARM.Collect$$libshutdown$$0000000A)
    .ARM.Collect$$libshutdown$$0000000C      0x080001a6   Section        0  libshutdown2.o(.ARM.Collect$$libshutdown$$0000000C)
    .ARM.Collect$$libshutdown$$0000000F      0x080001a6   Section        0  libshutdown2.o(.ARM.Collect$$libshutdown$$0000000F)
    .ARM.Collect$$libshutdown$$00000010      0x080001a6   Section        2  libshutdown2.o(.ARM.Collect$$libshutdown$$00000010)
    .ARM.Collect$$rtentry$$00000000          0x080001a8   Section        0  __rtentry.o(.ARM.Collect$$rtentry$$00000000)
    .ARM.Collect$$rtentry$$00000002          0x080001a8   Section        0  __rtentry2.o(.ARM.Collect$$rtentry$$00000002)
    .ARM.Collect$$rtentry$$00000004          0x080001a8   Section        6  __rtentry4.o(.ARM.Collect$$rtentry$$00000004)
    .ARM.Collect$$rtentry$$00000009          0x080001ae   Section        0  __rtentry2.o(.ARM.Collect$$rtentry$$00000009)
    .ARM.Collect$$rtentry$$0000000A          0x080001ae   Section        4  __rtentry2.o(.ARM.Collect$$rtentry$$0000000A)
    .ARM.Collect$$rtentry$$0000000C          0x080001b2   Section        0  __rtentry2.o(.ARM.Collect$$rtentry$$0000000C)
    .ARM.Collect$$rtentry$$0000000D          0x080001b2   Section        8  __rtentry2.o(.ARM.Collect$$rtentry$$0000000D)
    .ARM.Collect$$rtexit$$00000000           0x080001ba   Section        2  rtexit.o(.ARM.Collect$$rtexit$$00000000)
    .ARM.Collect$$rtexit$$00000002           0x080001bc   Section        0  rtexit2.o(.ARM.Collect$$rtexit$$00000002)
    .ARM.Collect$$rtexit$$00000003           0x080001bc   Section        4  rtexit2.o(.ARM.Collect$$rtexit$$00000003)
    .ARM.Collect$$rtexit$$00000004           0x080001c0   Section        6  rtexit2.o(.ARM.Collect$$rtexit$$00000004)
    .emb_text                                0x080001c8   Section        0  maybetermalloc1.o(.emb_text)
    .text                                    0x080001c8   Section       64  startup_stm32l100xc.o(.text)
    .text                                    0x08000208   Section        0  h1_alloc.o(.text)
    .text                                    0x08000266   Section        0  h1_free.o(.text)
    .text                                    0x080002b4   Section        0  heapauxi.o(.text)
    .text                                    0x080002bc   Section        8  rt_heap_descriptor_intlibspace.o(.text)
    .text                                    0x080002c4   Section        0  hguard.o(.text)
    .text                                    0x080002c8   Section        0  init_alloc.o(.text)
    .text                                    0x08000352   Section        0  h1_init.o(.text)
    .text                                    0x08000360   Section        8  libspace.o(.text)
    .text                                    0x08000368   Section        0  h1_extend.o(.text)
    .text                                    0x0800039c   Section        0  defsig_rtmem_outer.o(.text)
    .text                                    0x080003aa   Section        2  use_no_semi.o(.text)
    .text                                    0x080003ac   Section       74  sys_stackheap_outer.o(.text)
    .text                                    0x080003ac   Section        0  indicate_semi.o(.text)
    .text                                    0x080003f6   Section        0  exit.o(.text)
    .text                                    0x08000408   Section        0  defsig_exit.o(.text)
    .text                                    0x08000414   Section        0  defsig_rtmem_inner.o(.text)
    .text                                    0x08000464   Section        0  sys_exit.o(.text)
    .text                                    0x08000470   Section        0  defsig_general.o(.text)
    .text                                    0x080004a2   Section        0  sys_wrch.o(.text)
    i.EXTI0_IRQHandler                       0x080004b0   Section        0  interrupt_handlers.o(i.EXTI0_IRQHandler)
    i.EXTI1_IRQHandler                       0x080004f8   Section        0  keypad_driver.o(i.EXTI1_IRQHandler)
    i.SystemInit                             0x08000544   Section        0  system_stm32l1xx.o(i.SystemInit)
    i.TIM10_IRQHandler                       0x080005a8   Section        0  timing_functions.o(i.TIM10_IRQHandler)
    i.TIM11_IRQHandler                       0x080005d0   Section        0  timing_functions.o(i.TIM11_IRQHandler)
    i.__NVIC_ClearPendingIRQ                 0x080005f8   Section        0  timing_functions.o(i.__NVIC_ClearPendingIRQ)
    __NVIC_ClearPendingIRQ                   0x080005f9   Thumb Code    22  timing_functions.o(i.__NVIC_ClearPendingIRQ)
    i.calculate_arr                          0x08000614   Section        0  pwm_gen.o(i.calculate_arr)
    i.calculate_ccr                          0x08000628   Section        0  pwm_gen.o(i.calculate_ccr)
    i.check_key_pressed                      0x0800064c   Section        0  keypad_driver.o(i.check_key_pressed)
    i.clear_TIM10_interrupt                  0x08000658   Section        0  timing_functions.o(i.clear_TIM10_interrupt)
    i.clear_TIM11_interrupt                  0x08000674   Section        0  timing_functions.o(i.clear_TIM11_interrupt)
    i.clear_key_pressed_flag                 0x08000690   Section        0  keypad_driver.o(i.clear_key_pressed_flag)
    i.clear_timer                            0x0800069c   Section        0  timing_functions.o(i.clear_timer)
    i.configure_timer                        0x080006a4   Section        0  timing_functions.o(i.configure_timer)
    i.decode_row_col                         0x080006ac   Section        0  keypad_driver.o(i.decode_row_col)
    decode_row_col                           0x080006ad   Thumb Code    14  keypad_driver.o(i.decode_row_col)
    i.decode_timer_number                    0x080006c0   Section        0  timing_functions.o(i.decode_timer_number)
    i.disable_timer                          0x0800071c   Section        0  timing_functions.o(i.disable_timer)
    i.enable_timer                           0x08000726   Section        0  timing_functions.o(i.enable_timer)
    i.get_key_pressed                        0x08000730   Section        0  keypad_driver.o(i.get_key_pressed)
    i.keypad_write_to_odr                    0x0800073c   Section        0  keypad_driver.o(i.keypad_write_to_odr)
    keypad_write_to_odr                      0x0800073d   Thumb Code    26  keypad_driver.o(i.keypad_write_to_odr)
    i.main                                   0x0800075c   Section        0  main.o(i.main)
    i.read_keypress                          0x080007ac   Section        0  keypad_driver.o(i.read_keypress)
    read_keypress                            0x080007ad   Thumb Code   130  keypad_driver.o(i.read_keypress)
    i.set_duty_cycle                         0x0800083c   Section        0  pwm_gen.o(i.set_duty_cycle)
    i.set_tach_period                        0x0800086c   Section        0  tachometer_driver.o(i.set_tach_period)
    i.set_timer_functions                    0x08000878   Section        0  timing_functions.o(i.set_timer_functions)
    i.set_timer_pwm_parameters               0x080008c4   Section        0  timing_functions.o(i.set_timer_pwm_parameters)
    i.setup_TIM10                            0x080008e4   Section        0  timing_functions.o(i.setup_TIM10)
    i.setup_TIM11                            0x08000930   Section        0  timing_functions.o(i.setup_TIM11)
    i.setup_interrupts                       0x080009a0   Section        0  setup.o(i.setup_interrupts)
    i.setup_keypad                           0x080009f4   Section        0  keypad_driver.o(i.setup_keypad)
    i.setup_pins                             0x08000a3c   Section        0  setup.o(i.setup_pins)
    i.setup_pwm                              0x08000b34   Section        0  pwm_gen.o(i.setup_pwm)
    i.setup_tachometer_driver                0x08000b48   Section        0  tachometer_driver.o(i.setup_tachometer_driver)
    i.toggle_GPIO_bitfield                   0x08000b6c   Section        0  interrupt_handlers.o(i.toggle_GPIO_bitfield)
    i.update_tach_period                     0x08000b88   Section        0  tachometer_driver.o(i.update_tach_period)
    update_tach_period                       0x08000b89   Thumb Code    68  tachometer_driver.o(i.update_tach_period)
    x$fpl$d2f                                0x08000bd8   Section       98  d2f.o(x$fpl$d2f)
    x$fpl$ddiv                               0x08000c3c   Section      688  ddiv.o(x$fpl$ddiv)
    ddiv_entry                               0x08000c43   Thumb Code     0  ddiv.o(x$fpl$ddiv)
    x$fpl$dfltu                              0x08000eec   Section       38  dflt_clz.o(x$fpl$dfltu)
    x$fpl$dmul                               0x08000f14   Section      340  dmul.o(x$fpl$dmul)
    x$fpl$dnaninf                            0x08001068   Section      156  dnaninf.o(x$fpl$dnaninf)
    x$fpl$dretinf                            0x08001104   Section       12  dretinf.o(x$fpl$dretinf)
    x$fpl$f2d                                0x08001110   Section       86  f2d.o(x$fpl$f2d)
    x$fpl$ffixu                              0x08001168   Section       62  ffixu.o(x$fpl$ffixu)
    x$fpl$fflt                               0x080011a8   Section       48  fflt_clz.o(x$fpl$fflt)
    x$fpl$ffltu                              0x080011d8   Section       38  fflt_clz.o(x$fpl$ffltu)
    x$fpl$fmul                               0x08001200   Section      258  fmul.o(x$fpl$fmul)
    x$fpl$fnaninf                            0x08001302   Section      140  fnaninf.o(x$fpl$fnaninf)
    x$fpl$fretinf                            0x0800138e   Section       10  fretinf.o(x$fpl$fretinf)
    .constdata                               0x08001398   Section       32  keypad_driver.o(.constdata)
    x$fpl$usenofp                            0x08001398   Section        0  usenofp.o(x$fpl$usenofp)
    keypad_decode_table                      0x08001398   Data          32  keypad_driver.o(.constdata)
    .data                                    0x20000000   Section        6  interrupt_handlers.o(.data)
    count_direction                          0x20000000   Data           2  interrupt_handlers.o(.data)
    key_pressed_flag                         0x20000002   Data           1  interrupt_handlers.o(.data)
    key_pressed                              0x20000004   Data           2  interrupt_handlers.o(.data)
    .data                                    0x20000006   Section        4  keypad_driver.o(.data)
    key_pressed_flag                         0x20000006   Data           1  keypad_driver.o(.data)
    key_pressed                              0x20000008   Data           2  keypad_driver.o(.data)
    .data                                    0x2000000c   Section       12  pwm_gen.o(.data)
    duty_cycle                               0x2000000c   Data           4  pwm_gen.o(.data)
    count_direction                          0x20000010   Data           2  pwm_gen.o(.data)
    key_pressed_flag                         0x20000012   Data           1  pwm_gen.o(.data)
    key_pressed                              0x20000014   Data           2  pwm_gen.o(.data)
    time_ones                                0x20000016   Data           1  pwm_gen.o(.data)
    time_tenths                              0x20000017   Data           1  pwm_gen.o(.data)
    .data                                    0x20000018   Section       24  tachometer_driver.o(.data)
    count_direction                          0x20000018   Data           2  tachometer_driver.o(.data)
    key_pressed_flag                         0x2000001a   Data           1  tachometer_driver.o(.data)
    key_pressed                              0x2000001c   Data           2  tachometer_driver.o(.data)
    duty_cycle                               0x20000020   Data           4  tachometer_driver.o(.data)
    time_ones                                0x20000024   Data           1  tachometer_driver.o(.data)
    time_tenths                              0x20000025   Data           1  tachometer_driver.o(.data)
    current_period                           0x20000028   Data           8  tachometer_driver.o(.data)
    .bss                                     0x20000030   Section      192  timing_functions.o(.bss)
    function_count                           0x20000030   Data          64  timing_functions.o(.bss)
    timer_function_array                     0x20000070   Data         128  timing_functions.o(.bss)
    .bss                                     0x200000f0   Section       96  libspace.o(.bss)
    HEAP                                     0x20000150   Section      512  startup_stm32l100xc.o(HEAP)
    Heap_Mem                                 0x20000150   Data         512  startup_stm32l100xc.o(HEAP)
    STACK                                    0x20000350   Section     1024  startup_stm32l100xc.o(STACK)
    Stack_Mem                                0x20000350   Data        1024  startup_stm32l100xc.o(STACK)
    __initial_sp                             0x20000750   Data           0  startup_stm32l100xc.o(STACK)

    Global Symbols

    Symbol Name                              Value     Ov Type        Size  Object(Section)

    BuildAttributes$$THM_ISAv4$P$D$K$B$S$PE$A:L22UL41UL21$X:L11$S22US41US21$IEEE1$IW$USESV6$~STKCKD$USESV7$~SHL$OTIME$ROPI$EBA8$UX$STANDARDLIB$REQ8$PRES8$EABIv2 0x00000000   Number         0  anon$$obj.o ABSOLUTE
    __ARM_use_no_argv                        0x00000000   Number         0  main.o ABSOLUTE
    __ARM_exceptions_init                     - Undefined Weak Reference
    __alloca_initialize                       - Undefined Weak Reference
    __arm_preinit_                            - Undefined Weak Reference
    __cpp_initialize__aeabi_                  - Undefined Weak Reference
    __cxa_finalize                            - Undefined Weak Reference
    __rt_locale                               - Undefined Weak Reference
    __sigvec_lookup                           - Undefined Weak Reference
    __user_heap_extent                        - Undefined Weak Reference
    _atexit_init                              - Undefined Weak Reference
    _call_atexit_fns                          - Undefined Weak Reference
    _clock_init                               - Undefined Weak Reference
    _fp_trap_init                             - Undefined Weak Reference
    _fp_trap_shutdown                         - Undefined Weak Reference
    _get_lc_collate                           - Undefined Weak Reference
    _get_lc_ctype                             - Undefined Weak Reference
    _get_lc_monetary                          - Undefined Weak Reference
    _get_lc_numeric                           - Undefined Weak Reference
    _get_lc_time                              - Undefined Weak Reference
    _getenv_init                              - Undefined Weak Reference
    _handle_redirection                       - Undefined Weak Reference
    _initio                                   - Undefined Weak Reference
    _mutex_acquire                            - Undefined Weak Reference
    _mutex_free                               - Undefined Weak Reference
    _mutex_release                            - Undefined Weak Reference
    _rand_init                                - Undefined Weak Reference
    _signal_finish                            - Undefined Weak Reference
    _signal_init                              - Undefined Weak Reference
    _terminateio                              - Undefined Weak Reference
    __Vectors_Size                           0x00000124   Number         0  startup_stm32l100xc.o ABSOLUTE
    __Vectors                                0x08000000   Data           4  startup_stm32l100xc.o(RESET)
    __Vectors_End                            0x08000124   Data           0  startup_stm32l100xc.o(RESET)
    __main                                   0x08000125   Thumb Code     8  __main.o(!!!main)
    __scatterload                            0x0800012d   Thumb Code     0  __scatter.o(!!!scatter)
    __scatterload_rt2                        0x0800012d   Thumb Code    44  __scatter.o(!!!scatter)
    __scatterload_rt2_thumb_only             0x0800012d   Thumb Code     0  __scatter.o(!!!scatter)
    __scatterload_null                       0x0800013b   Thumb Code     0  __scatter.o(!!!scatter)
    __scatterload_copy                       0x08000161   Thumb Code    26  __scatter_copy.o(!!handler_copy)
    __scatterload_zeroinit                   0x0800017d   Thumb Code    28  __scatter_zi.o(!!handler_zi)
    __rt_lib_init                            0x08000199   Thumb Code     0  libinit.o(.ARM.Collect$$libinit$$00000000)
    __rt_lib_init_fp_1                       0x0800019b   Thumb Code     0  libinit2.o(.ARM.Collect$$libinit$$00000002)
    __rt_lib_init_heap_2                     0x0800019b   Thumb Code     0  libinit2.o(.ARM.Collect$$libinit$$00000005)
    __rt_lib_init_preinit_1                  0x0800019b   Thumb Code     0  libinit2.o(.ARM.Collect$$libinit$$00000004)
    __rt_lib_init_alloca_1                   0x080001a3   Thumb Code     0  libinit2.o(.ARM.Collect$$libinit$$0000002E)
    __rt_lib_init_argv_1                     0x080001a3   Thumb Code     0  libinit2.o(.ARM.Collect$$libinit$$0000002C)
    __rt_lib_init_atexit_1                   0x080001a3   Thumb Code     0  libinit2.o(.ARM.Collect$$libinit$$0000001B)
    __rt_lib_init_clock_1                    0x080001a3   Thumb Code     0  libinit2.o(.ARM.Collect$$libinit$$00000021)
    __rt_lib_init_cpp_1                      0x080001a3   Thumb Code     0  libinit2.o(.ARM.Collect$$libinit$$00000032)
    __rt_lib_init_exceptions_1               0x080001a3   Thumb Code     0  libinit2.o(.ARM.Collect$$libinit$$00000030)
    __rt_lib_init_fp_trap_1                  0x080001a3   Thumb Code     0  libinit2.o(.ARM.Collect$$libinit$$0000001F)
    __rt_lib_init_getenv_1                   0x080001a3   Thumb Code     0  libinit2.o(.ARM.Collect$$libinit$$00000023)
    __rt_lib_init_heap_1                     0x080001a3   Thumb Code     0  libinit2.o(.ARM.Collect$$libinit$$0000000A)
    __rt_lib_init_lc_collate_1               0x080001a3   Thumb Code     0  libinit2.o(.ARM.Collect$$libinit$$00000011)
    __rt_lib_init_lc_ctype_1                 0x080001a3   Thumb Code     0  libinit2.o(.ARM.Collect$$libinit$$00000013)
    __rt_lib_init_lc_monetary_1              0x080001a3   Thumb Code     0  libinit2.o(.ARM.Collect$$libinit$$00000015)
    __rt_lib_init_lc_numeric_1               0x080001a3   Thumb Code     0  libinit2.o(.ARM.Collect$$libinit$$00000017)
    __rt_lib_init_lc_time_1                  0x080001a3   Thumb Code     0  libinit2.o(.ARM.Collect$$libinit$$00000019)
    __rt_lib_init_rand_1                     0x080001a3   Thumb Code     0  libinit2.o(.ARM.Collect$$libinit$$0000000E)
    __rt_lib_init_return                     0x080001a3   Thumb Code     0  libinit2.o(.ARM.Collect$$libinit$$00000033)
    __rt_lib_init_signal_1                   0x080001a3   Thumb Code     0  libinit2.o(.ARM.Collect$$libinit$$0000001D)
    __rt_lib_init_stdio_1                    0x080001a3   Thumb Code     0  libinit2.o(.ARM.Collect$$libinit$$00000025)
    __rt_lib_init_user_alloc_1               0x080001a3   Thumb Code     0  libinit2.o(.ARM.Collect$$libinit$$0000000C)
    __rt_lib_shutdown                        0x080001a5   Thumb Code     0  libshutdown.o(.ARM.Collect$$libshutdown$$00000000)
    __rt_lib_shutdown_cpp_1                  0x080001a7   Thumb Code     0  libshutdown2.o(.ARM.Collect$$libshutdown$$00000002)
    __rt_lib_shutdown_fp_trap_1              0x080001a7   Thumb Code     0  libshutdown2.o(.ARM.Collect$$libshutdown$$00000007)
    __rt_lib_shutdown_heap_1                 0x080001a7   Thumb Code     0  libshutdown2.o(.ARM.Collect$$libshutdown$$0000000F)
    __rt_lib_shutdown_return                 0x080001a7   Thumb Code     0  libshutdown2.o(.ARM.Collect$$libshutdown$$00000010)
    __rt_lib_shutdown_signal_1               0x080001a7   Thumb Code     0  libshutdown2.o(.ARM.Collect$$libshutdown$$0000000A)
    __rt_lib_shutdown_stdio_1                0x080001a7   Thumb Code     0  libshutdown2.o(.ARM.Collect$$libshutdown$$00000004)
    __rt_lib_shutdown_user_alloc_1           0x080001a7   Thumb Code     0  libshutdown2.o(.ARM.Collect$$libshutdown$$0000000C)
    __rt_entry                               0x080001a9   Thumb Code     0  __rtentry.o(.ARM.Collect$$rtentry$$00000000)
    __rt_entry_presh_1                       0x080001a9   Thumb Code     0  __rtentry2.o(.ARM.Collect$$rtentry$$00000002)
    __rt_entry_sh                            0x080001a9   Thumb Code     0  __rtentry4.o(.ARM.Collect$$rtentry$$00000004)
    __rt_entry_li                            0x080001af   Thumb Code     0  __rtentry2.o(.ARM.Collect$$rtentry$$0000000A)
    __rt_entry_postsh_1                      0x080001af   Thumb Code     0  __rtentry2.o(.ARM.Collect$$rtentry$$00000009)
    __rt_entry_main                          0x080001b3   Thumb Code     0  __rtentry2.o(.ARM.Collect$$rtentry$$0000000D)
    __rt_entry_postli_1                      0x080001b3   Thumb Code     0  __rtentry2.o(.ARM.Collect$$rtentry$$0000000C)
    __rt_exit                                0x080001bb   Thumb Code     0  rtexit.o(.ARM.Collect$$rtexit$$00000000)
    __rt_exit_ls                             0x080001bd   Thumb Code     0  rtexit2.o(.ARM.Collect$$rtexit$$00000003)
    __rt_exit_prels_1                        0x080001bd   Thumb Code     0  rtexit2.o(.ARM.Collect$$rtexit$$00000002)
    __rt_exit_exit                           0x080001c1   Thumb Code     0  rtexit2.o(.ARM.Collect$$rtexit$$00000004)
    Reset_Handler                            0x080001c9   Thumb Code     8  startup_stm32l100xc.o(.text)
    _maybe_terminate_alloc                   0x080001c9   Thumb Code     0  maybetermalloc1.o(.emb_text)
    NMI_Handler                              0x080001d1   Thumb Code     2  startup_stm32l100xc.o(.text)
    HardFault_Handler                        0x080001d3   Thumb Code     2  startup_stm32l100xc.o(.text)
    MemManage_Handler                        0x080001d5   Thumb Code     2  startup_stm32l100xc.o(.text)
    BusFault_Handler                         0x080001d7   Thumb Code     2  startup_stm32l100xc.o(.text)
    UsageFault_Handler                       0x080001d9   Thumb Code     2  startup_stm32l100xc.o(.text)
    SVC_Handler                              0x080001db   Thumb Code     2  startup_stm32l100xc.o(.text)
    DebugMon_Handler                         0x080001dd   Thumb Code     2  startup_stm32l100xc.o(.text)
    PendSV_Handler                           0x080001df   Thumb Code     2  startup_stm32l100xc.o(.text)
    SysTick_Handler                          0x080001e1   Thumb Code     2  startup_stm32l100xc.o(.text)
    ADC1_IRQHandler                          0x080001e3   Thumb Code     0  startup_stm32l100xc.o(.text)
    COMP_ACQ_IRQHandler                      0x080001e3   Thumb Code     0  startup_stm32l100xc.o(.text)
    COMP_IRQHandler                          0x080001e3   Thumb Code     0  startup_stm32l100xc.o(.text)
    DAC_IRQHandler                           0x080001e3   Thumb Code     0  startup_stm32l100xc.o(.text)
    DMA1_Channel1_IRQHandler                 0x080001e3   Thumb Code     0  startup_stm32l100xc.o(.text)
    DMA1_Channel2_IRQHandler                 0x080001e3   Thumb Code     0  startup_stm32l100xc.o(.text)
    DMA1_Channel3_IRQHandler                 0x080001e3   Thumb Code     0  startup_stm32l100xc.o(.text)
    DMA1_Channel4_IRQHandler                 0x080001e3   Thumb Code     0  startup_stm32l100xc.o(.text)
    DMA1_Channel5_IRQHandler                 0x080001e3   Thumb Code     0  startup_stm32l100xc.o(.text)
    DMA1_Channel6_IRQHandler                 0x080001e3   Thumb Code     0  startup_stm32l100xc.o(.text)
    DMA1_Channel7_IRQHandler                 0x080001e3   Thumb Code     0  startup_stm32l100xc.o(.text)
    DMA2_Channel1_IRQHandler                 0x080001e3   Thumb Code     0  startup_stm32l100xc.o(.text)
    DMA2_Channel2_IRQHandler                 0x080001e3   Thumb Code     0  startup_stm32l100xc.o(.text)
    DMA2_Channel3_IRQHandler                 0x080001e3   Thumb Code     0  startup_stm32l100xc.o(.text)
    DMA2_Channel4_IRQHandler                 0x080001e3   Thumb Code     0  startup_stm32l100xc.o(.text)
    DMA2_Channel5_IRQHandler                 0x080001e3   Thumb Code     0  startup_stm32l100xc.o(.text)
    EXTI15_10_IRQHandler                     0x080001e3   Thumb Code     0  startup_stm32l100xc.o(.text)
    EXTI2_IRQHandler                         0x080001e3   Thumb Code     0  startup_stm32l100xc.o(.text)
    EXTI3_IRQHandler                         0x080001e3   Thumb Code     0  startup_stm32l100xc.o(.text)
    EXTI4_IRQHandler                         0x080001e3   Thumb Code     0  startup_stm32l100xc.o(.text)
    EXTI9_5_IRQHandler                       0x080001e3   Thumb Code     0  startup_stm32l100xc.o(.text)
    FLASH_IRQHandler                         0x080001e3   Thumb Code     0  startup_stm32l100xc.o(.text)
    I2C1_ER_IRQHandler                       0x080001e3   Thumb Code     0  startup_stm32l100xc.o(.text)
    I2C1_EV_IRQHandler                       0x080001e3   Thumb Code     0  startup_stm32l100xc.o(.text)
    I2C2_ER_IRQHandler                       0x080001e3   Thumb Code     0  startup_stm32l100xc.o(.text)
    I2C2_EV_IRQHandler                       0x080001e3   Thumb Code     0  startup_stm32l100xc.o(.text)
    LCD_IRQHandler                           0x080001e3   Thumb Code     0  startup_stm32l100xc.o(.text)
    PVD_IRQHandler                           0x080001e3   Thumb Code     0  startup_stm32l100xc.o(.text)
    RCC_IRQHandler                           0x080001e3   Thumb Code     0  startup_stm32l100xc.o(.text)
    RTC_Alarm_IRQHandler                     0x080001e3   Thumb Code     0  startup_stm32l100xc.o(.text)
    RTC_WKUP_IRQHandler                      0x080001e3   Thumb Code     0  startup_stm32l100xc.o(.text)
    SPI1_IRQHandler                          0x080001e3   Thumb Code     0  startup_stm32l100xc.o(.text)
    SPI2_IRQHandler                          0x080001e3   Thumb Code     0  startup_stm32l100xc.o(.text)
    SPI3_IRQHandler                          0x080001e3   Thumb Code     0  startup_stm32l100xc.o(.text)
    TAMPER_STAMP_IRQHandler                  0x080001e3   Thumb Code     0  startup_stm32l100xc.o(.text)
    TIM2_IRQHandler                          0x080001e3   Thumb Code     0  startup_stm32l100xc.o(.text)
    TIM3_IRQHandler                          0x080001e3   Thumb Code     0  startup_stm32l100xc.o(.text)
    TIM4_IRQHandler                          0x080001e3   Thumb Code     0  startup_stm32l100xc.o(.text)
    TIM6_IRQHandler                          0x080001e3   Thumb Code     0  startup_stm32l100xc.o(.text)
    TIM7_IRQHandler                          0x080001e3   Thumb Code     0  startup_stm32l100xc.o(.text)
    TIM9_IRQHandler                          0x080001e3   Thumb Code     0  startup_stm32l100xc.o(.text)
    USART1_IRQHandler                        0x080001e3   Thumb Code     0  startup_stm32l100xc.o(.text)
    USART2_IRQHandler                        0x080001e3   Thumb Code     0  startup_stm32l100xc.o(.text)
    USART3_IRQHandler                        0x080001e3   Thumb Code     0  startup_stm32l100xc.o(.text)
    USB_FS_WKUP_IRQHandler                   0x080001e3   Thumb Code     0  startup_stm32l100xc.o(.text)
    USB_HP_IRQHandler                        0x080001e3   Thumb Code     0  startup_stm32l100xc.o(.text)
    USB_LP_IRQHandler                        0x080001e3   Thumb Code     0  startup_stm32l100xc.o(.text)
    WWDG_IRQHandler                          0x080001e3   Thumb Code     0  startup_stm32l100xc.o(.text)
    __user_initial_stackheap                 0x080001e5   Thumb Code     0  startup_stm32l100xc.o(.text)
    malloc                                   0x08000209   Thumb Code    94  h1_alloc.o(.text)
    free                                     0x08000267   Thumb Code    78  h1_free.o(.text)
    __use_two_region_memory                  0x080002b5   Thumb Code     2  heapauxi.o(.text)
    __rt_heap_escrow                         0x080002b7   Thumb Code     2  heapauxi.o(.text)
    __rt_heap_expand                         0x080002b9   Thumb Code     2  heapauxi.o(.text)
    __rt_heap_descriptor                     0x080002bd   Thumb Code     8  rt_heap_descriptor_intlibspace.o(.text)
    __use_no_heap                            0x080002c5   Thumb Code     2  hguard.o(.text)
    __heap$guard                             0x080002c7   Thumb Code     2  hguard.o(.text)
    _terminate_user_alloc                    0x080002c9   Thumb Code     2  init_alloc.o(.text)
    _init_user_alloc                         0x080002cb   Thumb Code     2  init_alloc.o(.text)
    __Heap_Full                              0x080002cd   Thumb Code    34  init_alloc.o(.text)
    __Heap_Broken                            0x080002ef   Thumb Code     6  init_alloc.o(.text)
    _init_alloc                              0x080002f5   Thumb Code    94  init_alloc.o(.text)
    __Heap_Initialize                        0x08000353   Thumb Code    10  h1_init.o(.text)
    __Heap_DescSize                          0x0800035d   Thumb Code     4  h1_init.o(.text)
    __user_libspace                          0x08000361   Thumb Code     8  libspace.o(.text)
    __user_perproc_libspace                  0x08000361   Thumb Code     0  libspace.o(.text)
    __user_perthread_libspace                0x08000361   Thumb Code     0  libspace.o(.text)
    __Heap_ProvideMemory                     0x08000369   Thumb Code    52  h1_extend.o(.text)
    __rt_SIGRTMEM                            0x0800039d   Thumb Code    14  defsig_rtmem_outer.o(.text)
    __I$use$semihosting                      0x080003ab   Thumb Code     0  use_no_semi.o(.text)
    __use_no_semihosting_swi                 0x080003ab   Thumb Code     2  use_no_semi.o(.text)
    __semihosting_library_function           0x080003ad   Thumb Code     0  indicate_semi.o(.text)
    __user_setup_stackheap                   0x080003ad   Thumb Code    74  sys_stackheap_outer.o(.text)
    exit                                     0x080003f7   Thumb Code    18  exit.o(.text)
    __sig_exit                               0x08000409   Thumb Code    10  defsig_exit.o(.text)
    __rt_SIGRTMEM_inner                      0x08000415   Thumb Code    22  defsig_rtmem_inner.o(.text)
    _sys_exit                                0x08000465   Thumb Code     8  sys_exit.o(.text)
    __default_signal_display                 0x08000471   Thumb Code    50  defsig_general.o(.text)
    _ttywrch                                 0x080004a3   Thumb Code    14  sys_wrch.o(.text)
    EXTI0_IRQHandler                         0x080004b1   Thumb Code    56  interrupt_handlers.o(i.EXTI0_IRQHandler)
    EXTI1_IRQHandler                         0x080004f9   Thumb Code    62  keypad_driver.o(i.EXTI1_IRQHandler)
    SystemInit                               0x08000545   Thumb Code    82  system_stm32l1xx.o(i.SystemInit)
    TIM10_IRQHandler                         0x080005a9   Thumb Code    32  timing_functions.o(i.TIM10_IRQHandler)
    TIM11_IRQHandler                         0x080005d1   Thumb Code    32  timing_functions.o(i.TIM11_IRQHandler)
    calculate_arr                            0x08000615   Thumb Code    14  pwm_gen.o(i.calculate_arr)
    calculate_ccr                            0x08000629   Thumb Code    32  pwm_gen.o(i.calculate_ccr)
    check_key_pressed                        0x0800064d   Thumb Code     6  keypad_driver.o(i.check_key_pressed)
    clear_TIM10_interrupt                    0x08000659   Thumb Code    22  timing_functions.o(i.clear_TIM10_interrupt)
    clear_TIM11_interrupt                    0x08000675   Thumb Code    22  timing_functions.o(i.clear_TIM11_interrupt)
    clear_key_pressed_flag                   0x08000691   Thumb Code     8  keypad_driver.o(i.clear_key_pressed_flag)
    clear_timer                              0x0800069d   Thumb Code     8  timing_functions.o(i.clear_timer)
    configure_timer                          0x080006a5   Thumb Code     6  timing_functions.o(i.configure_timer)
    decode_timer_number                      0x080006c1   Thumb Code    84  timing_functions.o(i.decode_timer_number)
    disable_timer                            0x0800071d   Thumb Code    10  timing_functions.o(i.disable_timer)
    enable_timer                             0x08000727   Thumb Code    10  timing_functions.o(i.enable_timer)
    get_key_pressed                          0x08000731   Thumb Code     6  keypad_driver.o(i.get_key_pressed)
    main                                     0x0800075d   Thumb Code    76  main.o(i.main)
    set_duty_cycle                           0x0800083d   Thumb Code    38  pwm_gen.o(i.set_duty_cycle)
    set_tach_period                          0x0800086d   Thumb Code     6  tachometer_driver.o(i.set_tach_period)
    set_timer_functions                      0x08000879   Thumb Code    66  timing_functions.o(i.set_timer_functions)
    set_timer_pwm_parameters                 0x080008c5   Thumb Code    32  timing_functions.o(i.set_timer_pwm_parameters)
    setup_TIM10                              0x080008e5   Thumb Code    66  timing_functions.o(i.setup_TIM10)
    setup_TIM11                              0x08000931   Thumb Code   104  timing_functions.o(i.setup_TIM11)
    setup_interrupts                         0x080009a1   Thumb Code    76  setup.o(i.setup_interrupts)
    setup_keypad                             0x080009f5   Thumb Code    62  keypad_driver.o(i.setup_keypad)
    setup_pins                               0x08000a3d   Thumb Code   236  setup.o(i.setup_pins)
    setup_pwm                                0x08000b35   Thumb Code    14  pwm_gen.o(i.setup_pwm)
    setup_tachometer_driver                  0x08000b49   Thumb Code    26  tachometer_driver.o(i.setup_tachometer_driver)
    toggle_GPIO_bitfield                     0x08000b6d   Thumb Code    26  interrupt_handlers.o(i.toggle_GPIO_bitfield)
    __aeabi_d2f                              0x08000bd9   Thumb Code     0  d2f.o(x$fpl$d2f)
    _d2f                                     0x08000bd9   Thumb Code    98  d2f.o(x$fpl$d2f)
    __aeabi_ddiv                             0x08000c3d   Thumb Code     0  ddiv.o(x$fpl$ddiv)
    _ddiv                                    0x08000c3d   Thumb Code   552  ddiv.o(x$fpl$ddiv)
    __aeabi_ui2d                             0x08000eed   Thumb Code     0  dflt_clz.o(x$fpl$dfltu)
    _dfltu                                   0x08000eed   Thumb Code    38  dflt_clz.o(x$fpl$dfltu)
    __aeabi_dmul                             0x08000f15   Thumb Code     0  dmul.o(x$fpl$dmul)
    _dmul                                    0x08000f15   Thumb Code   332  dmul.o(x$fpl$dmul)
    __fpl_dnaninf                            0x08001069   Thumb Code   156  dnaninf.o(x$fpl$dnaninf)
    __fpl_dretinf                            0x08001105   Thumb Code    12  dretinf.o(x$fpl$dretinf)
    __aeabi_f2d                              0x08001111   Thumb Code     0  f2d.o(x$fpl$f2d)
    _f2d                                     0x08001111   Thumb Code    86  f2d.o(x$fpl$f2d)
    __aeabi_f2uiz                            0x08001169   Thumb Code     0  ffixu.o(x$fpl$ffixu)
    _ffixu                                   0x08001169   Thumb Code    62  ffixu.o(x$fpl$ffixu)
    __aeabi_i2f                              0x080011a9   Thumb Code     0  fflt_clz.o(x$fpl$fflt)
    _fflt                                    0x080011a9   Thumb Code    48  fflt_clz.o(x$fpl$fflt)
    __aeabi_ui2f                             0x080011d9   Thumb Code     0  fflt_clz.o(x$fpl$ffltu)
    _ffltu                                   0x080011d9   Thumb Code    38  fflt_clz.o(x$fpl$ffltu)
    __aeabi_fmul                             0x08001201   Thumb Code     0  fmul.o(x$fpl$fmul)
    _fmul                                    0x08001201   Thumb Code   258  fmul.o(x$fpl$fmul)
    __fpl_fnaninf                            0x08001303   Thumb Code   140  fnaninf.o(x$fpl$fnaninf)
    __fpl_fretinf                            0x0800138f   Thumb Code    10  fretinf.o(x$fpl$fretinf)
    __I$use$fp                               0x08001398   Number         0  usenofp.o(x$fpl$usenofp)
    Region$$Table$$Base                      0x080013b8   Number         0  anon$$obj.o(Region$$Table)
    Region$$Table$$Limit                     0x080013d8   Number         0  anon$$obj.o(Region$$Table)
    __libspace_start                         0x200000f0   Data          96  libspace.o(.bss)
    __temporary_stack_top$libspace           0x20000150   Data           0  libspace.o(.bss)



==============================================================================

Memory Map of the image

  Image Entry point : 0x080001c9

  Load Region LR_1 (Base: 0x08000000, Size: 0x00001408, Max: 0xffffffff, ABSOLUTE)

    Execution Region ER_RO (Base: 0x08000000, Size: 0x000013d8, Max: 0xffffffff, ABSOLUTE)

    Base Addr    Size         Type   Attr      Idx    E Section Name        Object

    0x08000000   0x00000124   Data   RO          479    RESET               startup_stm32l100xc.o
    0x08000124   0x00000008   Code   RO          589  * !!!main             c_w.l(__main.o)
    0x0800012c   0x00000034   Code   RO          833    !!!scatter          c_w.l(__scatter.o)
    0x08000160   0x0000001a   Code   RO          835    !!handler_copy      c_w.l(__scatter_copy.o)
    0x0800017a   0x00000002   PAD
    0x0800017c   0x0000001c   Code   RO          837    !!handler_zi        c_w.l(__scatter_zi.o)
    0x08000198   0x00000002   Code   RO          772    .ARM.Collect$$libinit$$00000000  c_w.l(libinit.o)
    0x0800019a   0x00000000   Code   RO          656    .ARM.Collect$$libinit$$00000002  c_w.l(libinit2.o)
    0x0800019a   0x00000000   Code   RO          658    .ARM.Collect$$libinit$$00000004  c_w.l(libinit2.o)
    0x0800019a   0x00000008   Code   RO          659    .ARM.Collect$$libinit$$00000005  c_w.l(libinit2.o)
    0x080001a2   0x00000000   Code   RO          661    .ARM.Collect$$libinit$$0000000A  c_w.l(libinit2.o)
    0x080001a2   0x00000000   Code   RO          663    .ARM.Collect$$libinit$$0000000C  c_w.l(libinit2.o)
    0x080001a2   0x00000000   Code   RO          665    .ARM.Collect$$libinit$$0000000E  c_w.l(libinit2.o)
    0x080001a2   0x00000000   Code   RO          668    .ARM.Collect$$libinit$$00000011  c_w.l(libinit2.o)
    0x080001a2   0x00000000   Code   RO          670    .ARM.Collect$$libinit$$00000013  c_w.l(libinit2.o)
    0x080001a2   0x00000000   Code   RO          672    .ARM.Collect$$libinit$$00000015  c_w.l(libinit2.o)
    0x080001a2   0x00000000   Code   RO          674    .ARM.Collect$$libinit$$00000017  c_w.l(libinit2.o)
    0x080001a2   0x00000000   Code   RO          676    .ARM.Collect$$libinit$$00000019  c_w.l(libinit2.o)
    0x080001a2   0x00000000   Code   RO          678    .ARM.Collect$$libinit$$0000001B  c_w.l(libinit2.o)
    0x080001a2   0x00000000   Code   RO          680    .ARM.Collect$$libinit$$0000001D  c_w.l(libinit2.o)
    0x080001a2   0x00000000   Code   RO          682    .ARM.Collect$$libinit$$0000001F  c_w.l(libinit2.o)
    0x080001a2   0x00000000   Code   RO          684    .ARM.Collect$$libinit$$00000021  c_w.l(libinit2.o)
    0x080001a2   0x00000000   Code   RO          686    .ARM.Collect$$libinit$$00000023  c_w.l(libinit2.o)
    0x080001a2   0x00000000   Code   RO          688    .ARM.Collect$$libinit$$00000025  c_w.l(libinit2.o)
    0x080001a2   0x00000000   Code   RO          692    .ARM.Collect$$libinit$$0000002C  c_w.l(libinit2.o)
    0x080001a2   0x00000000   Code   RO          694    .ARM.Collect$$libinit$$0000002E  c_w.l(libinit2.o)
    0x080001a2   0x00000000   Code   RO          696    .ARM.Collect$$libinit$$00000030  c_w.l(libinit2.o)
    0x080001a2   0x00000000   Code   RO          698    .ARM.Collect$$libinit$$00000032  c_w.l(libinit2.o)
    0x080001a2   0x00000002   Code   RO          699    .ARM.Collect$$libinit$$00000033  c_w.l(libinit2.o)
    0x080001a4   0x00000002   Code   RO          830    .ARM.Collect$$libshutdown$$00000000  c_w.l(libshutdown.o)
    0x080001a6   0x00000000   Code   RO          786    .ARM.Collect$$libshutdown$$00000002  c_w.l(libshutdown2.o)
    0x080001a6   0x00000000   Code   RO          788    .ARM.Collect$$libshutdown$$00000004  c_w.l(libshutdown2.o)
    0x080001a6   0x00000000   Code   RO          791    .ARM.Collect$$libshutdown$$00000007  c_w.l(libshutdown2.o)
    0x080001a6   0x00000000   Code   RO          794    .ARM.Collect$$libshutdown$$0000000A  c_w.l(libshutdown2.o)
    0x080001a6   0x00000000   Code   RO          796    .ARM.Collect$$libshutdown$$0000000C  c_w.l(libshutdown2.o)
    0x080001a6   0x00000000   Code   RO          799    .ARM.Collect$$libshutdown$$0000000F  c_w.l(libshutdown2.o)
    0x080001a6   0x00000002   Code   RO          800    .ARM.Collect$$libshutdown$$00000010  c_w.l(libshutdown2.o)
    0x080001a8   0x00000000   Code   RO          625    .ARM.Collect$$rtentry$$00000000  c_w.l(__rtentry.o)
    0x080001a8   0x00000000   Code   RO          715    .ARM.Collect$$rtentry$$00000002  c_w.l(__rtentry2.o)
    0x080001a8   0x00000006   Code   RO          727    .ARM.Collect$$rtentry$$00000004  c_w.l(__rtentry4.o)
    0x080001ae   0x00000000   Code   RO          717    .ARM.Collect$$rtentry$$00000009  c_w.l(__rtentry2.o)
    0x080001ae   0x00000004   Code   RO          718    .ARM.Collect$$rtentry$$0000000A  c_w.l(__rtentry2.o)
    0x080001b2   0x00000000   Code   RO          720    .ARM.Collect$$rtentry$$0000000C  c_w.l(__rtentry2.o)
    0x080001b2   0x00000008   Code   RO          721    .ARM.Collect$$rtentry$$0000000D  c_w.l(__rtentry2.o)
    0x080001ba   0x00000002   Code   RO          775    .ARM.Collect$$rtexit$$00000000  c_w.l(rtexit.o)
    0x080001bc   0x00000000   Code   RO          804    .ARM.Collect$$rtexit$$00000002  c_w.l(rtexit2.o)
    0x080001bc   0x00000004   Code   RO          805    .ARM.Collect$$rtexit$$00000003  c_w.l(rtexit2.o)
    0x080001c0   0x00000006   Code   RO          806    .ARM.Collect$$rtexit$$00000004  c_w.l(rtexit2.o)
    0x080001c6   0x00000002   PAD
    0x080001c8   0x00000000   Code   RO          731    .emb_text           c_w.l(maybetermalloc1.o)
    0x080001c8   0x00000040   Code   RO          480  * .text               startup_stm32l100xc.o
    0x08000208   0x0000005e   Code   RO          529    .text               c_w.l(h1_alloc.o)
    0x08000266   0x0000004e   Code   RO          531    .text               c_w.l(h1_free.o)
    0x080002b4   0x00000006   Code   RO          587    .text               c_w.l(heapauxi.o)
    0x080002ba   0x00000002   PAD
    0x080002bc   0x00000008   Code   RO          629    .text               c_w.l(rt_heap_descriptor_intlibspace.o)
    0x080002c4   0x00000004   Code   RO          631    .text               c_w.l(hguard.o)
    0x080002c8   0x0000008a   Code   RO          633    .text               c_w.l(init_alloc.o)
    0x08000352   0x0000000e   Code   RO          637    .text               c_w.l(h1_init.o)
    0x08000360   0x00000008   Code   RO          711    .text               c_w.l(libspace.o)
    0x08000368   0x00000034   Code   RO          733    .text               c_w.l(h1_extend.o)
    0x0800039c   0x0000000e   Code   RO          737    .text               c_w.l(defsig_rtmem_outer.o)
    0x080003aa   0x00000002   Code   RO          748    .text               c_w.l(use_no_semi.o)
    0x080003ac   0x00000000   Code   RO          750    .text               c_w.l(indicate_semi.o)
    0x080003ac   0x0000004a   Code   RO          751    .text               c_w.l(sys_stackheap_outer.o)
    0x080003f6   0x00000012   Code   RO          757    .text               c_w.l(exit.o)
    0x08000408   0x0000000a   Code   RO          759    .text               c_w.l(defsig_exit.o)
    0x08000412   0x00000002   PAD
    0x08000414   0x00000050   Code   RO          761    .text               c_w.l(defsig_rtmem_inner.o)
    0x08000464   0x0000000c   Code   RO          773    .text               c_w.l(sys_exit.o)
    0x08000470   0x00000032   Code   RO          783    .text               c_w.l(defsig_general.o)
    0x080004a2   0x0000000e   Code   RO          801    .text               c_w.l(sys_wrch.o)
    0x080004b0   0x00000048   Code   RO           94    i.EXTI0_IRQHandler  interrupt_handlers.o
    0x080004f8   0x0000004c   Code   RO          137    i.EXTI1_IRQHandler  keypad_driver.o
    0x08000544   0x00000064   Code   RO          488    i.SystemInit        system_stm32l1xx.o
    0x080005a8   0x00000028   Code   RO          250    i.TIM10_IRQHandler  timing_functions.o
    0x080005d0   0x00000028   Code   RO          251    i.TIM11_IRQHandler  timing_functions.o
    0x080005f8   0x0000001c   Code   RO          252    i.__NVIC_ClearPendingIRQ  timing_functions.o
    0x08000614   0x00000014   Code   RO          383    i.calculate_arr     pwm_gen.o
    0x08000628   0x00000024   Code   RO          384    i.calculate_ccr     pwm_gen.o
    0x0800064c   0x0000000c   Code   RO          138    i.check_key_pressed  keypad_driver.o
    0x08000658   0x0000001c   Code   RO          253    i.clear_TIM10_interrupt  timing_functions.o
    0x08000674   0x0000001c   Code   RO          254    i.clear_TIM11_interrupt  timing_functions.o
    0x08000690   0x0000000c   Code   RO          139    i.clear_key_pressed_flag  keypad_driver.o
    0x0800069c   0x00000008   Code   RO          255    i.clear_timer       timing_functions.o
    0x080006a4   0x00000006   Code   RO          256    i.configure_timer   timing_functions.o
    0x080006aa   0x00000002   PAD
    0x080006ac   0x00000014   Code   RO          140    i.decode_row_col    keypad_driver.o
    0x080006c0   0x0000005c   Code   RO          257    i.decode_timer_number  timing_functions.o
    0x0800071c   0x0000000a   Code   RO          259    i.disable_timer     timing_functions.o
    0x08000726   0x0000000a   Code   RO          260    i.enable_timer      timing_functions.o
    0x08000730   0x0000000c   Code   RO          141    i.get_key_pressed   keypad_driver.o
    0x0800073c   0x00000020   Code   RO          142    i.keypad_write_to_odr  keypad_driver.o
    0x0800075c   0x00000050   Code   RO            5    i.main              main.o
    0x080007ac   0x00000090   Code   RO          143    i.read_keypress     keypad_driver.o
    0x0800083c   0x00000030   Code   RO          386    i.set_duty_cycle    pwm_gen.o
    0x0800086c   0x0000000c   Code   RO          436    i.set_tach_period   tachometer_driver.o
    0x08000878   0x0000004c   Code   RO          263    i.set_timer_functions  timing_functions.o
    0x080008c4   0x00000020   Code   RO          264    i.set_timer_pwm_parameters  timing_functions.o
    0x080008e4   0x0000004c   Code   RO          265    i.setup_TIM10       timing_functions.o
    0x08000930   0x00000070   Code   RO          266    i.setup_TIM11       timing_functions.o
    0x080009a0   0x00000054   Code   RO          206    i.setup_interrupts  setup.o
    0x080009f4   0x00000048   Code   RO          144    i.setup_keypad      keypad_driver.o
    0x08000a3c   0x000000f8   Code   RO          207    i.setup_pins        setup.o
    0x08000b34   0x00000014   Code   RO          387    i.setup_pwm         pwm_gen.o
    0x08000b48   0x00000024   Code   RO          437    i.setup_tachometer_driver  tachometer_driver.o
    0x08000b6c   0x0000001a   Code   RO           96    i.toggle_GPIO_bitfield  interrupt_handlers.o
    0x08000b86   0x00000002   PAD
    0x08000b88   0x00000050   Code   RO          438    i.update_tach_period  tachometer_driver.o
    0x08000bd8   0x00000062   Code   RO          591    x$fpl$d2f           fz_ws.l(d2f.o)
    0x08000c3a   0x00000002   PAD
    0x08000c3c   0x000002b0   Code   RO          594    x$fpl$ddiv          fz_ws.l(ddiv.o)
    0x08000eec   0x00000026   Code   RO          601    x$fpl$dfltu         fz_ws.l(dflt_clz.o)
    0x08000f12   0x00000002   PAD
    0x08000f14   0x00000154   Code   RO          607    x$fpl$dmul          fz_ws.l(dmul.o)
    0x08001068   0x0000009c   Code   RO          700    x$fpl$dnaninf       fz_ws.l(dnaninf.o)
    0x08001104   0x0000000c   Code   RO          702    x$fpl$dretinf       fz_ws.l(dretinf.o)
    0x08001110   0x00000056   Code   RO          609    x$fpl$f2d           fz_ws.l(f2d.o)
    0x08001166   0x00000002   PAD
    0x08001168   0x0000003e   Code   RO          611    x$fpl$ffixu         fz_ws.l(ffixu.o)
    0x080011a6   0x00000002   PAD
    0x080011a8   0x00000030   Code   RO          616    x$fpl$fflt          fz_ws.l(fflt_clz.o)
    0x080011d8   0x00000026   Code   RO          615    x$fpl$ffltu         fz_ws.l(fflt_clz.o)
    0x080011fe   0x00000002   PAD
    0x08001200   0x00000102   Code   RO          621    x$fpl$fmul          fz_ws.l(fmul.o)
    0x08001302   0x0000008c   Code   RO          704    x$fpl$fnaninf       fz_ws.l(fnaninf.o)
    0x0800138e   0x0000000a   Code   RO          706    x$fpl$fretinf       fz_ws.l(fretinf.o)
    0x08001398   0x00000000   Code   RO          708    x$fpl$usenofp       fz_ws.l(usenofp.o)
    0x08001398   0x00000020   Data   RO          145    .constdata          keypad_driver.o
    0x080013b8   0x00000020   Data   RO          831    Region$$Table       anon$$obj.o


    Execution Region ER_RW (Base: 0x20000000, Size: 0x00000030, Max: 0xffffffff, ABSOLUTE)

    Base Addr    Size         Type   Attr      Idx    E Section Name        Object

    0x20000000   0x00000006   Data   RW           98    .data               interrupt_handlers.o
    0x20000006   0x00000004   Data   RW          146    .data               keypad_driver.o
    0x2000000a   0x00000002   PAD
    0x2000000c   0x0000000c   Data   RW          390    .data               pwm_gen.o
    0x20000018   0x00000018   Data   RW          441    .data               tachometer_driver.o


    Execution Region ER_ZI (Base: 0x20000030, Size: 0x00000720, Max: 0xffffffff, ABSOLUTE)

    Base Addr    Size         Type   Attr      Idx    E Section Name        Object

    0x20000030   0x000000c0   Zero   RW          268    .bss                timing_functions.o
    0x200000f0   0x00000060   Zero   RW          712    .bss                c_w.l(libspace.o)
    0x20000150   0x00000200   Zero   RW          478    HEAP                startup_stm32l100xc.o
    0x20000350   0x00000400   Zero   RW          477    STACK               startup_stm32l100xc.o


==============================================================================

Image component sizes


      Code (inc. data)   RO Data    RW Data    ZI Data      Debug   Object Name

        98         16          0          6          0      28441   interrupt_handlers.o
       380         66         32          4          0       4381   keypad_driver.o
        80          4          0          0          0     164719   main.o
       124         26          0         12          0       2349   pwm_gen.o
       332         20          0          0          0      27707   setup.o
        64         26        292          0       1536        816   startup_stm32l100xc.o
       100         18          0          0          0        473   system_stm32l1xx.o
       128         28          0         24          0       1920   tachometer_driver.o
       586         70          0          0        192      34711   timing_functions.o

    ----------------------------------------------------------------------
      1896        274        356         48       1728     265517   Object Totals
         0          0         32          0          0          0   (incl. Generated)
         4          0          0          2          0          0   (incl. Padding)

    ----------------------------------------------------------------------

      Code (inc. data)   RO Data    RW Data    ZI Data      Debug   Library Member Name

         8          0          0          0          0         68   __main.o
         0          0          0          0          0          0   __rtentry.o
        12          0          0          0          0          0   __rtentry2.o
         6          0          0          0          0          0   __rtentry4.o
        52          8          0          0          0          0   __scatter.o
        26          0          0          0          0          0   __scatter_copy.o
        28          0          0          0          0          0   __scatter_zi.o
        10          0          0          0          0         68   defsig_exit.o
        50          0          0          0          0         88   defsig_general.o
        80         58          0          0          0         76   defsig_rtmem_inner.o
        14          0          0          0          0         80   defsig_rtmem_outer.o
        18          0          0          0          0         80   exit.o
        94          0          0          0          0         80   h1_alloc.o
        52          0          0          0          0         68   h1_extend.o
        78          0          0          0          0         80   h1_free.o
        14          0          0          0          0         84   h1_init.o
         6          0          0          0          0        152   heapauxi.o
         4          0          0          0          0        136   hguard.o
         0          0          0          0          0          0   indicate_semi.o
       138          0          0          0          0        168   init_alloc.o
         2          0          0          0          0          0   libinit.o
        10          0          0          0          0          0   libinit2.o
         2          0          0          0          0          0   libshutdown.o
         2          0          0          0          0          0   libshutdown2.o
         8          4          0          0         96         68   libspace.o
         0          0          0          0          0          0   maybetermalloc1.o
         8          4          0          0          0         68   rt_heap_descriptor_intlibspace.o
         2          0          0          0          0          0   rtexit.o
        10          0          0          0          0          0   rtexit2.o
        12          4          0          0          0         68   sys_exit.o
        74          0          0          0          0         80   sys_stackheap_outer.o
        14          0          0          0          0         76   sys_wrch.o
         2          0          0          0          0         68   use_no_semi.o
        98          4          0          0          0         92   d2f.o
       688        140          0          0          0        208   ddiv.o
        38          0          0          0          0         68   dflt_clz.o
       340         12          0          0          0        104   dmul.o
       156          4          0          0          0         92   dnaninf.o
        12          0          0          0          0         68   dretinf.o
        86          4          0          0          0         84   f2d.o
        62          4          0          0          0         84   ffixu.o
        86          0          0          0          0        136   fflt_clz.o
       258          4          0          0          0         84   fmul.o
       140          4          0          0          0         84   fnaninf.o
        10          0          0          0          0         68   fretinf.o
         0          0          0          0          0          0   usenofp.o

    ----------------------------------------------------------------------
      2828        254          0          0         96       2828   Library Totals
        18          0          0          0          0          0   (incl. Padding)

    ----------------------------------------------------------------------

      Code (inc. data)   RO Data    RW Data    ZI Data      Debug   Library Name

       836         78          0          0         96       1656   c_w.l
      1974        176          0          0          0       1172   fz_ws.l

    ----------------------------------------------------------------------
      2828        254          0          0         96       2828   Library Totals

    ----------------------------------------------------------------------

==============================================================================


      Code (inc. data)   RO Data    RW Data    ZI Data      Debug   

      4724        528        356         48       1824     265221   Grand Totals
      4724        528        356         48       1824     265221   ELF Image Totals
      4724        528        356         48          0          0   ROM Totals

==============================================================================

    Total RO  Size (Code + RO Data)                 5080 (   4.96kB)
    Total RW  Size (RW Data + ZI Data)              1872 (   1.83kB)
    Total ROM Size (Code + RO Data + RW Data)       5128 (   5.01kB)

==============================================================================

